Archive member included to satisfy reference by file (symbol)

d:/program files (x86)/atollic/truestudio for stm32 9.1.0/armtools/bin/../lib/gcc/arm-atollic-eabi/6.3.1/../../../../arm-atollic-eabi/lib/armv7e-m/fpu/fpv5-d16\libc_nano.a(lib_a-errno.o)
                              Application\TrueSTUDIO\syscalls.o (__errno)
d:/program files (x86)/atollic/truestudio for stm32 9.1.0/armtools/bin/../lib/gcc/arm-atollic-eabi/6.3.1/../../../../arm-atollic-eabi/lib/armv7e-m/fpu/fpv5-d16\libc_nano.a(lib_a-impure.o)
                              d:/program files (x86)/atollic/truestudio for stm32 9.1.0/armtools/bin/../lib/gcc/arm-atollic-eabi/6.3.1/../../../../arm-atollic-eabi/lib/armv7e-m/fpu/fpv5-d16\libc_nano.a(lib_a-errno.o) (_impure_ptr)
d:/program files (x86)/atollic/truestudio for stm32 9.1.0/armtools/bin/../lib/gcc/arm-atollic-eabi/6.3.1/../../../../arm-atollic-eabi/lib/armv7e-m/fpu/fpv5-d16\libc_nano.a(lib_a-init.o)
                              Application\TrueSTUDIO\startup_stm32h743xx.o (__libc_init_array)
d:/program files (x86)/atollic/truestudio for stm32 9.1.0/armtools/bin/../lib/gcc/arm-atollic-eabi/6.3.1/../../../../arm-atollic-eabi/lib/armv7e-m/fpu/fpv5-d16\libc_nano.a(lib_a-memset.o)
                              Application\User\main.o (memset)
d:/program files (x86)/atollic/truestudio for stm32 9.1.0/armtools/bin/../lib/gcc/arm-atollic-eabi/6.3.1/armv7e-m/fpu/fpv5-d16\libgcc.a(_aeabi_uldivmod.o)
                              Drivers\STM32H7xx_HAL_Driver\stm32h7xx_hal_uart.o (__aeabi_uldivmod)
d:/program files (x86)/atollic/truestudio for stm32 9.1.0/armtools/bin/../lib/gcc/arm-atollic-eabi/6.3.1/armv7e-m/fpu/fpv5-d16\libgcc.a(_udivmoddi4.o)
                              d:/program files (x86)/atollic/truestudio for stm32 9.1.0/armtools/bin/../lib/gcc/arm-atollic-eabi/6.3.1/armv7e-m/fpu/fpv5-d16\libgcc.a(_aeabi_uldivmod.o) (__udivmoddi4)
d:/program files (x86)/atollic/truestudio for stm32 9.1.0/armtools/bin/../lib/gcc/arm-atollic-eabi/6.3.1/armv7e-m/fpu/fpv5-d16\libgcc.a(_dvmd_tls.o)
                              d:/program files (x86)/atollic/truestudio for stm32 9.1.0/armtools/bin/../lib/gcc/arm-atollic-eabi/6.3.1/armv7e-m/fpu/fpv5-d16\libgcc.a(_aeabi_uldivmod.o) (__aeabi_ldiv0)

Allocating common symbols
Common symbol       size              file

huart3              0x80              Application\User\main.o
hpcd_USB_OTG_FS     0x400             Application\User\main.o
pFlash              0x1c              Drivers\STM32H7xx_HAL_Driver\stm32h7xx_hal_flash.o
heth                0x68              Application\User\main.o
TxConfig            0x34              Application\User\main.o

Discarded input sections

 .text          0x00000000        0x0 d:/program files (x86)/atollic/truestudio for stm32 9.1.0/armtools/bin/../lib/gcc/arm-atollic-eabi/6.3.1/armv7e-m/fpu/fpv5-d16/crti.o
 .data          0x00000000        0x0 d:/program files (x86)/atollic/truestudio for stm32 9.1.0/armtools/bin/../lib/gcc/arm-atollic-eabi/6.3.1/armv7e-m/fpu/fpv5-d16/crti.o
 .bss           0x00000000        0x0 d:/program files (x86)/atollic/truestudio for stm32 9.1.0/armtools/bin/../lib/gcc/arm-atollic-eabi/6.3.1/armv7e-m/fpu/fpv5-d16/crti.o
 .data          0x00000000        0x4 d:/program files (x86)/atollic/truestudio for stm32 9.1.0/armtools/bin/../lib/gcc/arm-atollic-eabi/6.3.1/armv7e-m/fpu/fpv5-d16/crtbegin.o
 .text          0x00000000       0x14 Application\TrueSTUDIO\startup_stm32h743xx.o
 .data          0x00000000        0x0 Application\TrueSTUDIO\startup_stm32h743xx.o
 .bss           0x00000000        0x0 Application\TrueSTUDIO\startup_stm32h743xx.o
 .text          0x00000000        0x0 Application\TrueSTUDIO\syscalls.o
 .data          0x00000000        0x0 Application\TrueSTUDIO\syscalls.o
 .bss           0x00000000        0x0 Application\TrueSTUDIO\syscalls.o
 .text.initialise_monitor_handles
                0x00000000        0x2 Application\TrueSTUDIO\syscalls.o
 .text._getpid  0x00000000        0x4 Application\TrueSTUDIO\syscalls.o
 .text._kill    0x00000000       0x10 Application\TrueSTUDIO\syscalls.o
 .text._exit    0x00000000        0xc Application\TrueSTUDIO\syscalls.o
 .text._read    0x00000000       0x1c Application\TrueSTUDIO\syscalls.o
 .text._write   0x00000000       0x1c Application\TrueSTUDIO\syscalls.o
 .text._sbrk    0x00000000       0x34 Application\TrueSTUDIO\syscalls.o
 .text._close   0x00000000        0x6 Application\TrueSTUDIO\syscalls.o
 .text._fstat   0x00000000        0xa Application\TrueSTUDIO\syscalls.o
 .text._isatty  0x00000000        0x4 Application\TrueSTUDIO\syscalls.o
 .text._lseek   0x00000000        0x4 Application\TrueSTUDIO\syscalls.o
 .text._open    0x00000000        0xa Application\TrueSTUDIO\syscalls.o
 .text._wait    0x00000000       0x10 Application\TrueSTUDIO\syscalls.o
 .text._unlink  0x00000000       0x10 Application\TrueSTUDIO\syscalls.o
 .text._times   0x00000000        0x6 Application\TrueSTUDIO\syscalls.o
[...]
Memory Configuration

Name             Origin             Length             Attributes
DTCMRAM          0x20000000         0x00020000         xrw
RAM_D1           0x24000000         0x00080000         xrw
RAM_D2           0x30000000         0x00048000         xrw
RAM_D3           0x38000000         0x00010000         xrw
ITCMRAM          0x00000000         0x00010000         xrw
FLASH            0x08000000         0x00200000         xr
*default*        0x00000000         0xffffffff

Linker script and memory map

LOAD d:/program files (x86)/atollic/truestudio for stm32 9.1.0/armtools/bin/../lib/gcc/arm-atollic-eabi/6.3.1/armv7e-m/fpu/fpv5-d16/crti.o
LOAD d:/program files (x86)/atollic/truestudio for stm32 9.1.0/armtools/bin/../lib/gcc/arm-atollic-eabi/6.3.1/armv7e-m/fpu/fpv5-d16/crtbegin.o
LOAD Application\TrueSTUDIO\startup_stm32h743xx.o
LOAD Application\TrueSTUDIO\syscalls.o
LOAD Application\User\main.o
LOAD Application\User\stm32h7xx_hal_msp.o
LOAD Application\User\stm32h7xx_it.o
LOAD Drivers\CMSIS\system_stm32h7xx.o
LOAD Drivers\STM32H7xx_HAL_Driver\stm32h7xx_hal.o
LOAD Drivers\STM32H7xx_HAL_Driver\stm32h7xx_hal_cortex.o
LOAD Drivers\STM32H7xx_HAL_Driver\stm32h7xx_hal_dma.o
LOAD Drivers\STM32H7xx_HAL_Driver\stm32h7xx_hal_dma_ex.o
LOAD Drivers\STM32H7xx_HAL_Driver\stm32h7xx_hal_eth.o
LOAD Drivers\STM32H7xx_HAL_Driver\stm32h7xx_hal_eth_ex.o
LOAD Drivers\STM32H7xx_HAL_Driver\stm32h7xx_hal_flash.o
LOAD Drivers\STM32H7xx_HAL_Driver\stm32h7xx_hal_flash_ex.o
LOAD Drivers\STM32H7xx_HAL_Driver\stm32h7xx_hal_gpio.o
LOAD Drivers\STM32H7xx_HAL_Driver\stm32h7xx_hal_hsem.o
LOAD Drivers\STM32H7xx_HAL_Driver\stm32h7xx_hal_i2c.o
LOAD Drivers\STM32H7xx_HAL_Driver\stm32h7xx_hal_i2c_ex.o
LOAD Drivers\STM32H7xx_HAL_Driver\stm32h7xx_hal_mdma.o
LOAD Drivers\STM32H7xx_HAL_Driver\stm32h7xx_hal_pcd.o
LOAD Drivers\STM32H7xx_HAL_Driver\stm32h7xx_hal_pcd_ex.o
LOAD Drivers\STM32H7xx_HAL_Driver\stm32h7xx_hal_pwr.o
LOAD Drivers\STM32H7xx_HAL_Driver\stm32h7xx_hal_pwr_ex.o
LOAD Drivers\STM32H7xx_HAL_Driver\stm32h7xx_hal_rcc.o
LOAD Drivers\STM32H7xx_HAL_Driver\stm32h7xx_hal_rcc_ex.o
LOAD Drivers\STM32H7xx_HAL_Driver\stm32h7xx_hal_tim.o
LOAD Drivers\STM32H7xx_HAL_Driver\stm32h7xx_hal_tim_ex.o
LOAD Drivers\STM32H7xx_HAL_Driver\stm32h7xx_hal_uart.o
LOAD Drivers\STM32H7xx_HAL_Driver\stm32h7xx_hal_uart_ex.o
LOAD Drivers\STM32H7xx_HAL_Driver\stm32h7xx_ll_usb.o
                0x00000080                malloc_getpagesize_P = 0x80
START GROUP
LOAD d:/program files (x86)/atollic/truestudio for stm32 9.1.0/armtools/bin/../lib/gcc/arm-atollic-eabi/6.3.1/../../../../arm-atollic-eabi/lib/armv7e-m/fpu/fpv5-d16\libc_nano.a
LOAD d:/program files (x86)/atollic/truestudio for stm32 9.1.0/armtools/bin/../lib/gcc/arm-atollic-eabi/6.3.1/../../../../arm-atollic-eabi/lib/armv7e-m/fpu/fpv5-d16\libm.a
END GROUP
START GROUP
LOAD d:/program files (x86)/atollic/truestudio for stm32 9.1.0/armtools/bin/../lib/gcc/arm-atollic-eabi/6.3.1/armv7e-m/fpu/fpv5-d16\libgcc.a
LOAD d:/program files (x86)/atollic/truestudio for stm32 9.1.0/armtools/bin/../lib/gcc/arm-atollic-eabi/6.3.1/../../../../arm-atollic-eabi/lib/armv7e-m/fpu/fpv5-d16\libc_nano.a
END GROUP
START GROUP
LOAD d:/program files (x86)/atollic/truestudio for stm32 9.1.0/armtools/bin/../lib/gcc/arm-atollic-eabi/6.3.1/armv7e-m/fpu/fpv5-d16\libgcc.a
LOAD d:/program files (x86)/atollic/truestudio for stm32 9.1.0/armtools/bin/../lib/gcc/arm-atollic-eabi/6.3.1/../../../../arm-atollic-eabi/lib/armv7e-m/fpu/fpv5-d16\libc_nano.a
LOAD d:/program files (x86)/atollic/truestudio for stm32 9.1.0/armtools/bin/../lib/gcc/arm-atollic-eabi/6.3.1/../../../../arm-atollic-eabi/lib/armv7e-m/fpu/fpv5-d16\libnosys.a
END GROUP
START GROUP
LOAD d:/program files (x86)/atollic/truestudio for stm32 9.1.0/armtools/bin/../lib/gcc/arm-atollic-eabi/6.3.1/armv7e-m/fpu/fpv5-d16\libgcc.a
LOAD d:/program files (x86)/atollic/truestudio for stm32 9.1.0/armtools/bin/../lib/gcc/arm-atollic-eabi/6.3.1/../../../../arm-atollic-eabi/lib/armv7e-m/fpu/fpv5-d16\libc_nano.a
LOAD d:/program files (x86)/atollic/truestudio for stm32 9.1.0/armtools/bin/../lib/gcc/arm-atollic-eabi/6.3.1/../../../../arm-atollic-eabi/lib/armv7e-m/fpu/fpv5-d16\libnosys.a
END GROUP
LOAD d:/program files (x86)/atollic/truestudio for stm32 9.1.0/armtools/bin/../lib/gcc/arm-atollic-eabi/6.3.1/armv7e-m/fpu/fpv5-d16/crtend.o
LOAD d:/program files (x86)/atollic/truestudio for stm32 9.1.0/armtools/bin/../lib/gcc/arm-atollic-eabi/6.3.1/armv7e-m/fpu/fpv5-d16/crtn.o
                0x20020000                _estack = 0x20020000
                0x00000200                _Min_Heap_Size = 0x200
                0x00000400                _Min_Stack_Size = 0x400

.isr_vector     0x08000000      0x298
                0x08000000                . = ALIGN (0x4)
 *(.isr_vector)
 .isr_vector    0x08000000      0x298 Application\TrueSTUDIO\startup_stm32h743xx.o
                0x08000000                g_pfnVectors
                0x08000298                . = ALIGN (0x4)

.text           0x08000298     0x32c8
                0x08000298                . = ALIGN (0x4)
 *(.text)
 .text          0x08000298       0x40 d:/program files (x86)/atollic/truestudio for stm32 9.1.0/armtools/bin/../lib/gcc/arm-atollic-eabi/6.3.1/armv7e-m/fpu/fpv5-d16/crtbegin.o
 .text          0x080002d8       0x30 d:/program files (x86)/atollic/truestudio for stm32 9.1.0/armtools/bin/../lib/gcc/arm-atollic-eabi/6.3.1/armv7e-m/fpu/fpv5-d16\libgcc.a(_aeabi_uldivmod.o)
                0x080002d8                __aeabi_uldivmod
 .text          0x08000308      0x2dc d:/program files (x86)/atollic/truestudio for stm32 9.1.0/armtools/bin/../lib/gcc/arm-atollic-eabi/6.3.1/armv7e-m/fpu/fpv5-d16\libgcc.a(_udivmoddi4.o)
                0x08000308                __udivmoddi4
 .text          0x080005e4        0x4 d:/program files (x86)/atollic/truestudio for stm32 9.1.0/armtools/bin/../lib/gcc/arm-atollic-eabi/6.3.1/armv7e-m/fpu/fpv5-d16\libgcc.a(_dvmd_tls.o)
                0x080005e4                __aeabi_idiv0
                0x080005e4                __aeabi_ldiv0
 *(.text*)
 .text.Reset_Handler
                0x080005e8       0x50 Application\TrueSTUDIO\startup_stm32h743xx.o
                0x080005e8                Reset_Handler
 .text.Default_Handler
                0x08000638        0x2 Application\TrueSTUDIO\startup_stm32h743xx.o
                0x08000638                RTC_Alarm_IRQHandler
                0x08000638                EXTI2_IRQHandler
                0x08000638                TIM8_CC_IRQHandler
                0x08000638                HRTIM1_Master_IRQHandler
                0x08000638                UART8_IRQHandler
                0x08000638                SPI4_IRQHandler
                0x08000638                TIM1_CC_IRQHandler
                0x08000638                BDMA_Channel6_IRQHandler
                0x08000638                DMA2_Stream5_IRQHandler
                0x08000638                HRTIM1_FLT_IRQHandler
                0x08000638                JPEG_IRQHandler
                0x08000638                DMA1_Stream5_IRQHandler
                0x08000638                BDMA_Channel1_IRQHandler
                0x08000638                HRTIM1_TIMD_IRQHandler
                0x08000638                TAMP_STAMP_IRQHandler
                0x08000638                EXTI3_IRQHandler
                0x08000638                LPTIM4_IRQHandler
                0x08000638                TIM8_TRG_COM_TIM14_IRQHandler
                0x08000638                LPTIM2_IRQHandler
                0x08000638                DFSDM1_FLT1_IRQHandler
                0x08000638                DMAMUX2_OVR_IRQHandler
                0x08000638                TIM8_UP_TIM13_IRQHandler
                0x08000638                I2C3_ER_IRQHandler
                0x08000638                DFSDM1_FLT2_IRQHandler
                0x08000638                MDMA_IRQHandler
                0x08000638                LPTIM3_IRQHandler
                0x08000638                HSEM1_IRQHandler
                0x08000638                EXTI0_IRQHandler
                0x08000638                I2C2_EV_IRQHandler
                0x08000638                DMA1_Stream2_IRQHandler
                0x08000638                FPU_IRQHandler
                0x08000638                OTG_HS_WKUP_IRQHandler
                0x08000638                FDCAN1_IT1_IRQHandler
                0x08000638                LTDC_ER_IRQHandler
                0x08000638                DMA2_Stream2_IRQHandler
                0x08000638                HRTIM1_TIME_IRQHandler
                0x08000638                SPI1_IRQHandler
                0x08000638                TIM6_DAC_IRQHandler
                0x08000638                DCMI_IRQHandler
                0x08000638                HRTIM1_TIMC_IRQHandler
                0x08000638                DMA2_Stream3_IRQHandler
                0x08000638                SAI2_IRQHandler
                0x08000638                DFSDM1_FLT3_IRQHandler
                0x08000638                USART6_IRQHandler
                0x08000638                TIM17_IRQHandler
                0x08000638                USART3_IRQHandler
                0x08000638                BDMA_Channel7_IRQHandler
                0x08000638                LPTIM5_IRQHandler
                0x08000638                UART5_IRQHandler
                0x08000638                ADC3_IRQHandler
                0x08000638                DMA2_Stream0_IRQHandler
                0x08000638                TIM4_IRQHandler
                0x08000638                BDMA_Channel2_IRQHandler
                0x08000638                QUADSPI_IRQHandler
                0x08000638                I2C1_EV_IRQHandler
                0x08000638                DMA1_Stream6_IRQHandler
                0x08000638                DMAMUX1_OVR_IRQHandler
                0x08000638                DMA1_Stream1_IRQHandler
                0x08000638                TIM16_IRQHandler
                0x08000638                UART4_IRQHandler
                0x08000638                BDMA_Channel5_IRQHandler
                0x08000638                TIM3_IRQHandler
                0x08000638                RCC_IRQHandler
                0x08000638                TIM8_BRK_TIM12_IRQHandler
                0x08000638                TIM1_TRG_COM_IRQHandler
                0x08000638                Default_Handler
                0x08000638                CEC_IRQHandler
                0x08000638                EXTI15_10_IRQHandler
                0x08000638                BDMA_Channel0_IRQHandler
                0x08000638                ADC_IRQHandler
                0x08000638                DMA1_Stream7_IRQHandler
                0x08000638                HRTIM1_TIMA_IRQHandler
                0x08000638                SPI5_IRQHandler
                0x08000638                TIM7_IRQHandler
                0x08000638                SDMMC1_IRQHandler
                0x08000638                TIM5_IRQHandler
                0x08000638                DMA2_Stream7_IRQHandler
                0x08000638                TIM15_IRQHandler
                0x08000638                PVD_AVD_IRQHandler
                0x08000638                I2C3_EV_IRQHandler
                0x08000638                EXTI9_5_IRQHandler
                0x08000638                RTC_WKUP_IRQHandler
                0x08000638                LTDC_IRQHandler
                0x08000638                SAI3_IRQHandler
                0x08000638                ETH_WKUP_IRQHandler
                0x08000638                SPDIF_RX_IRQHandler
                0x08000638                SPI2_IRQHandler
                0x08000638                OTG_HS_EP1_IN_IRQHandler
                0x08000638                DMA1_Stream0_IRQHandler
                0x08000638                CRS_IRQHandler
                0x08000638                EXTI4_IRQHandler
                0x08000638                RNG_IRQHandler
                0x08000638                HRTIM1_TIMB_IRQHandler
                0x08000638                FDCAN2_IT1_IRQHandler
                0x08000638                ETH_IRQHandler
                0x08000638                TIM1_UP_IRQHandler
                0x08000638                BDMA_Channel4_IRQHandler
                0x08000638                OTG_HS_EP1_OUT_IRQHandler
                0x08000638                WWDG_IRQHandler
                0x08000638                SPI6_IRQHandler
                0x08000638                MDIOS_IRQHandler
                0x08000638                I2C4_EV_IRQHandler
                0x08000638                FDCAN2_IT0_IRQHandler
                0x08000638                LPUART1_IRQHandler
                0x08000638                FDCAN1_IT0_IRQHandler
                0x08000638                TIM2_IRQHandler
                0x08000638                OTG_FS_WKUP_IRQHandler
                0x08000638                OTG_HS_IRQHandler
                0x08000638                DMA2D_IRQHandler
                0x08000638                TIM1_BRK_IRQHandler
                0x08000638                EXTI1_IRQHandler
                0x08000638                SDMMC2_IRQHandler
                0x08000638                OTG_FS_EP1_OUT_IRQHandler
                0x08000638                BDMA_Channel3_IRQHandler
                0x08000638                UART7_IRQHandler
                0x08000638                MDIOS_WKUP_IRQHandler
                0x08000638                USART2_IRQHandler
                0x08000638                DFSDM1_FLT0_IRQHandler
                0x08000638                SAI4_IRQHandler
                0x08000638                I2C2_ER_IRQHandler
                0x08000638                DMA2_Stream1_IRQHandler
                0x08000638                FLASH_IRQHandler
                0x08000638                DMA2_Stream4_IRQHandler
                0x08000638                USART1_IRQHandler
                0x08000638                OTG_FS_IRQHandler
                0x08000638                SPI3_IRQHandler
                0x08000638                WAKEUP_PIN_IRQHandler
                0x08000638                DMA1_Stream4_IRQHandler
                0x08000638                OTG_FS_EP1_IN_IRQHandler
                0x08000638                I2C1_ER_IRQHandler
                0x08000638                FMC_IRQHandler
                0x08000638                FDCAN_CAL_IRQHandler
                0x08000638                SWPMI1_IRQHandler
                0x08000638                COMP1_IRQHandler
                0x08000638                LPTIM1_IRQHandler
                0x08000638                I2C4_ER_IRQHandler
                0x08000638                DMA2_Stream6_IRQHandler
                0x08000638                SAI1_IRQHandler
                0x08000638                DMA1_Stream3_IRQHandler
 *fill*         0x0800063a        0x2 
 .text.SystemClock_Config
                0x0800063c       0xb4 Application\User\main.o
                0x0800063c                SystemClock_Config
 .text.startup.main
                0x080006f0      0x230 Application\User\main.o
                0x080006f0                main
 .text.HAL_MspInit
                0x08000920       0x24 Application\User\stm32h7xx_hal_msp.o
                0x08000920                HAL_MspInit
 .text.HAL_ETH_MspInit
                0x08000944      0x134 Application\User\stm32h7xx_hal_msp.o
                0x08000944                HAL_ETH_MspInit
 .text.HAL_UART_MspInit
                0x08000a78       0x70 Application\User\stm32h7xx_hal_msp.o
                0x08000a78                HAL_UART_MspInit
 .text.HAL_PCD_MspInit
                0x08000ae8       0x84 Application\User\stm32h7xx_hal_msp.o
                0x08000ae8                HAL_PCD_MspInit
 .text.NMI_Handler
                0x08000b6c        0x2 Application\User\stm32h7xx_it.o
                0x08000b6c                NMI_Handler
 .text.HardFault_Handler
                0x08000b6e        0x2 Application\User\stm32h7xx_it.o
                0x08000b6e                HardFault_Handler
 .text.MemManage_Handler
                0x08000b70        0x2 Application\User\stm32h7xx_it.o
                0x08000b70                MemManage_Handler
 .text.BusFault_Handler
                0x08000b72        0x2 Application\User\stm32h7xx_it.o
                0x08000b72                BusFault_Handler
 .text.UsageFault_Handler
                0x08000b74        0x2 Application\User\stm32h7xx_it.o
                0x08000b74                UsageFault_Handler
 .text.SVC_Handler
                0x08000b76        0x2 Application\User\stm32h7xx_it.o
                0x08000b76                SVC_Handler
 .text.DebugMon_Handler
                0x08000b78        0x2 Application\User\stm32h7xx_it.o
                0x08000b78                DebugMon_Handler
 .text.PendSV_Handler
                0x08000b7a        0x2 Application\User\stm32h7xx_it.o
                0x08000b7a                PendSV_Handler
 .text.SysTick_Handler
                0x08000b7c        0x4 Application\User\stm32h7xx_it.o
                0x08000b7c                SysTick_Handler
 .text.SystemInit
                0x08000b80       0x64 Drivers\CMSIS\system_stm32h7xx.o
                0x08000b80                SystemInit
 .text.HAL_InitTick
                0x08000be4       0x48 Drivers\STM32H7xx_HAL_Driver\stm32h7xx_hal.o
                0x08000be4                HAL_InitTick
 .text.HAL_Init
                0x08000c2c       0x1e Drivers\STM32H7xx_HAL_Driver\stm32h7xx_hal.o
                0x08000c2c                HAL_Init
 *fill*         0x08000c4a        0x2 
 .text.HAL_IncTick
                0x08000c4c       0x18 Drivers\STM32H7xx_HAL_Driver\stm32h7xx_hal.o
                0x08000c4c                HAL_IncTick
 .text.HAL_GetTick
                0x08000c64        0xc Drivers\STM32H7xx_HAL_Driver\stm32h7xx_hal.o
                0x08000c64                HAL_GetTick
 .text.HAL_Delay
                0x08000c70       0x24 Drivers\STM32H7xx_HAL_Driver\stm32h7xx_hal.o
                0x08000c70                HAL_Delay
 .text.HAL_SYSCFG_ETHInterfaceSelect
                0x08000c94       0x14 Drivers\STM32H7xx_HAL_Driver\stm32h7xx_hal.o
                0x08000c94                HAL_SYSCFG_ETHInterfaceSelect
 .text.HAL_NVIC_SetPriorityGrouping
                0x08000ca8       0x24 Drivers\STM32H7xx_HAL_Driver\stm32h7xx_hal_cortex.o
                0x08000ca8                HAL_NVIC_SetPriorityGrouping
 .text.HAL_NVIC_SetPriority
                0x08000ccc       0x70 Drivers\STM32H7xx_HAL_Driver\stm32h7xx_hal_cortex.o
                0x08000ccc                HAL_NVIC_SetPriority
 .text.HAL_SYSTICK_Config
                0x08000d3c       0x2c Drivers\STM32H7xx_HAL_Driver\stm32h7xx_hal_cortex.o
                0x08000d3c                HAL_SYSTICK_Config
 .text.ETH_SetMACConfig
                0x08000d68      0x1ba Drivers\STM32H7xx_HAL_Driver\stm32h7xx_hal_eth.o
 *fill*         0x08000f22        0x2 
 .text.ETH_SetDMAConfig
                0x08000f24       0x90 Drivers\STM32H7xx_HAL_Driver\stm32h7xx_hal_eth.o
 .text.ETH_MAC_MDIO_ClkConfig
                0x08000fb4       0x78 Drivers\STM32H7xx_HAL_Driver\stm32h7xx_hal_eth.o
                0x08000fb4                HAL_ETH_SetMDIOClockRange
 .text.HAL_ETH_Init
                0x0800102c      0x280 Drivers\STM32H7xx_HAL_Driver\stm32h7xx_hal_eth.o
                0x0800102c                HAL_ETH_Init
 .text.HAL_GPIO_Init
                0x080012ac      0x1d4 Drivers\STM32H7xx_HAL_Driver\stm32h7xx_hal_gpio.o
                0x080012ac                HAL_GPIO_Init
 .text.HAL_GPIO_ReadPin
                0x08001480        0xc Drivers\STM32H7xx_HAL_Driver\stm32h7xx_hal_gpio.o
                0x08001480                HAL_GPIO_ReadPin
 .text.HAL_GPIO_WritePin
                0x0800148c        0xa Drivers\STM32H7xx_HAL_Driver\stm32h7xx_hal_gpio.o
                0x0800148c                HAL_GPIO_WritePin
 .text.HAL_GPIO_TogglePin
                0x08001496        0x8 Drivers\STM32H7xx_HAL_Driver\stm32h7xx_hal_gpio.o
                0x08001496                HAL_GPIO_TogglePin
 .text.HAL_PCD_Init
                0x0800149e       0xea Drivers\STM32H7xx_HAL_Driver\stm32h7xx_hal_pcd.o
                0x0800149e                HAL_PCD_Init
 .text.HAL_PCDEx_ActivateLPM
                0x08001588       0x26 Drivers\STM32H7xx_HAL_Driver\stm32h7xx_hal_pcd_ex.o
                0x08001588                HAL_PCDEx_ActivateLPM
 .text.HAL_PCDEx_ActivateBCD
                0x080015ae       0x1c Drivers\STM32H7xx_HAL_Driver\stm32h7xx_hal_pcd_ex.o
                0x080015ae                HAL_PCDEx_ActivateBCD
 *fill*         0x080015ca        0x2 
 .text.HAL_RCC_OscConfig
                0x080015cc      0x494 Drivers\STM32H7xx_HAL_Driver\stm32h7xx_hal_rcc.o
                0x080015cc                HAL_RCC_OscConfig
 .text.HAL_RCC_GetSysClockFreq
                0x08001a60      0x138 Drivers\STM32H7xx_HAL_Driver\stm32h7xx_hal_rcc.o
                0x08001a60                HAL_RCC_GetSysClockFreq
 .text.HAL_RCC_ClockConfig
                0x08001b98      0x1b4 Drivers\STM32H7xx_HAL_Driver\stm32h7xx_hal_rcc.o
                0x08001b98                HAL_RCC_ClockConfig
 .text.HAL_RCC_GetHCLKFreq
                0x08001d4c       0x34 Drivers\STM32H7xx_HAL_Driver\stm32h7xx_hal_rcc.o
                0x08001d4c                HAL_RCC_GetHCLKFreq
 .text.HAL_RCC_GetPCLK1Freq
                0x08001d80       0x2c Drivers\STM32H7xx_HAL_Driver\stm32h7xx_hal_rcc.o
                0x08001d80                HAL_RCC_GetPCLK1Freq
 .text.HAL_RCC_GetPCLK2Freq
                0x08001dac       0x2c Drivers\STM32H7xx_HAL_Driver\stm32h7xx_hal_rcc.o
                0x08001dac                HAL_RCC_GetPCLK2Freq
 .text.RCCEx_PLL2_Config
                0x08001dd8       0xcc Drivers\STM32H7xx_HAL_Driver\stm32h7xx_hal_rcc_ex.o
 .text.RCCEx_PLL3_Config
                0x08001ea4       0xcc Drivers\STM32H7xx_HAL_Driver\stm32h7xx_hal_rcc_ex.o
 .text.HAL_RCCEx_PeriphCLKConfig
                0x08001f70      0x8e0 Drivers\STM32H7xx_HAL_Driver\stm32h7xx_hal_rcc_ex.o
                0x08001f70                HAL_RCCEx_PeriphCLKConfig
 .text.HAL_RCCEx_GetD3PCLK1Freq
                0x08002850       0x2c Drivers\STM32H7xx_HAL_Driver\stm32h7xx_hal_rcc_ex.o
                0x08002850                HAL_RCCEx_GetD3PCLK1Freq
 .text.HAL_RCCEx_GetPLL2ClockFreq
                0x0800287c      0x140 Drivers\STM32H7xx_HAL_Driver\stm32h7xx_hal_rcc_ex.o
                0x0800287c                HAL_RCCEx_GetPLL2ClockFreq
 .text.HAL_RCCEx_GetPLL3ClockFreq
                0x080029bc      0x140 Drivers\STM32H7xx_HAL_Driver\stm32h7xx_hal_rcc_ex.o
                0x080029bc                HAL_RCCEx_GetPLL3ClockFreq
 .text.HAL_RCCEx_GetD1SysClockFreq
                0x08002afc       0x34 Drivers\STM32H7xx_HAL_Driver\stm32h7xx_hal_rcc_ex.o
                0x08002afc                HAL_RCCEx_GetD1SysClockFreq
 .text.UART_SetConfig
                0x08002b30      0x554 Drivers\STM32H7xx_HAL_Driver\stm32h7xx_hal_uart.o
                0x08002b30                UART_SetConfig
 .text.UART_AdvFeatureConfig
                0x08003084       0xaa Drivers\STM32H7xx_HAL_Driver\stm32h7xx_hal_uart.o
                0x08003084                UART_AdvFeatureConfig
 .text.UART_WaitOnFlagUntilTimeout
                0x0800312e       0x62 Drivers\STM32H7xx_HAL_Driver\stm32h7xx_hal_uart.o
                0x0800312e                UART_WaitOnFlagUntilTimeout
 .text.UART_CheckIdleState
                0x08003190       0x64 Drivers\STM32H7xx_HAL_Driver\stm32h7xx_hal_uart.o
                0x08003190                UART_CheckIdleState
 .text.HAL_UART_Init
                0x080031f4       0x64 Drivers\STM32H7xx_HAL_Driver\stm32h7xx_hal_uart.o
                0x080031f4                HAL_UART_Init
 .text.USB_CoreInit
                0x08003258       0x76 Drivers\STM32H7xx_HAL_Driver\stm32h7xx_ll_usb.o
                0x08003258                USB_CoreInit
 .text.USB_DisableGlobalInt
                0x080032ce        0xc Drivers\STM32H7xx_HAL_Driver\stm32h7xx_ll_usb.o
                0x080032ce                USB_DisableGlobalInt
 .text.USB_SetCurrentMode
                0x080032da       0x2e Drivers\STM32H7xx_HAL_Driver\stm32h7xx_ll_usb.o
                0x080032da                USB_SetCurrentMode
 .text.USB_DevInit
                0x08003308      0x14c Drivers\STM32H7xx_HAL_Driver\stm32h7xx_ll_usb.o
                0x08003308                USB_DevInit
 .text.USB_FlushTxFifo
                0x08003454       0x24 Drivers\STM32H7xx_HAL_Driver\stm32h7xx_ll_usb.o
                0x08003454                USB_FlushTxFifo
 .text.USB_FlushRxFifo
                0x08003478       0x20 Drivers\STM32H7xx_HAL_Driver\stm32h7xx_ll_usb.o
                0x08003478                USB_FlushRxFifo
 .text.USB_SetDevSpeed
                0x08003498        0xe Drivers\STM32H7xx_HAL_Driver\stm32h7xx_ll_usb.o
                0x08003498                USB_SetDevSpeed
 .text.USB_DevDisconnect
                0x080034a6       0x18 Drivers\STM32H7xx_HAL_Driver\stm32h7xx_ll_usb.o
                0x080034a6                USB_DevDisconnect
 *fill*         0x080034be        0x2 
 .text.USB_CoreReset
                0x080034c0       0x30 Drivers\STM32H7xx_HAL_Driver\stm32h7xx_ll_usb.o
 .text.__libc_init_array
                0x080034f0       0x48 d:/program files (x86)/atollic/truestudio for stm32 9.1.0/armtools/bin/../lib/gcc/arm-atollic-eabi/6.3.1/../../../../arm-atollic-eabi/lib/armv7e-m/fpu/fpv5-d16\libc_nano.a(lib_a-init.o)
                0x080034f0                __libc_init_array
 .text.memset   0x08003538       0x10 d:/program files (x86)/atollic/truestudio for stm32 9.1.0/armtools/bin/../lib/gcc/arm-atollic-eabi/6.3.1/../../../../arm-atollic-eabi/lib/armv7e-m/fpu/fpv5-d16\libc_nano.a(lib_a-memset.o)
                0x08003538                memset
 *(.glue_7)
 .glue_7        0x08003548        0x0 linker stubs
 *(.glue_7t)
 .glue_7t       0x08003548        0x0 linker stubs
 *(.eh_frame)
 .eh_frame      0x08003548        0x0 d:/program files (x86)/atollic/truestudio for stm32 9.1.0/armtools/bin/../lib/gcc/arm-atollic-eabi/6.3.1/armv7e-m/fpu/fpv5-d16/crtbegin.o
 *(.init)
 .init          0x08003548        0x4 d:/program files (x86)/atollic/truestudio for stm32 9.1.0/armtools/bin/../lib/gcc/arm-atollic-eabi/6.3.1/armv7e-m/fpu/fpv5-d16/crti.o
                0x08003548                _init
 .init          0x0800354c        0x8 d:/program files (x86)/atollic/truestudio for stm32 9.1.0/armtools/bin/../lib/gcc/arm-atollic-eabi/6.3.1/armv7e-m/fpu/fpv5-d16/crtn.o
 *(.fini)
 .fini          0x08003554        0x4 d:/program files (x86)/atollic/truestudio for stm32 9.1.0/armtools/bin/../lib/gcc/arm-atollic-eabi/6.3.1/armv7e-m/fpu/fpv5-d16/crti.o
                0x08003554                _fini
 .fini          0x08003558        0x8 d:/program files (x86)/atollic/truestudio for stm32 9.1.0/armtools/bin/../lib/gcc/arm-atollic-eabi/6.3.1/armv7e-m/fpu/fpv5-d16/crtn.o
                0x08003560                . = ALIGN (0x4)
                0x08003560                _etext = .

.vfp11_veneer   0x08003560        0x0
 .vfp11_veneer  0x08003560        0x0 linker stubs

.v4_bx          0x08003560        0x0
 .v4_bx         0x08003560        0x0 linker stubs

.iplt           0x08003560        0x0
 .iplt          0x08003560        0x0 d:/program files (x86)/atollic/truestudio for stm32 9.1.0/armtools/bin/../lib/gcc/arm-atollic-eabi/6.3.1/armv7e-m/fpu/fpv5-d16/crtbegin.o

.rodata         0x08003560       0x60
                0x08003560                . = ALIGN (0x4)
 *(.rodata)
 *(.rodata*)
 .rodata.D1CorePrescTable
                0x08003560       0x10 Drivers\CMSIS\system_stm32h7xx.o
                0x08003560                D1CorePrescTable
 .rodata.CSWTCH.54
                0x08003570       0x29 Drivers\STM32H7xx_HAL_Driver\stm32h7xx_hal_uart.o
 .rodata.CSWTCH.56
                0x08003599        0x6 Drivers\STM32H7xx_HAL_Driver\stm32h7xx_hal_uart.o
 .rodata.CSWTCH.57
                0x0800359f        0x6 Drivers\STM32H7xx_HAL_Driver\stm32h7xx_hal_uart.o
 *fill*         0x080035a5        0x1 
 .rodata.UARTPrescTable
                0x080035a6       0x18 Drivers\STM32H7xx_HAL_Driver\stm32h7xx_hal_uart.o
                0x080035c0                . = ALIGN (0x4)
 *fill*         0x080035be        0x2 

.ARM.extab
 *(.ARM.extab* .gnu.linkonce.armextab.*)

.ARM            0x080035c0        0x8
                0x080035c0                __exidx_start = .
 *(.ARM.exidx*)
 .ARM.exidx     0x080035c0        0x8 d:/program files (x86)/atollic/truestudio for stm32 9.1.0/armtools/bin/../lib/gcc/arm-atollic-eabi/6.3.1/armv7e-m/fpu/fpv5-d16\libgcc.a(_udivmoddi4.o)
                0x080035c8                __exidx_end = .

.rel.dyn        0x080035c8        0x0
 .rel.iplt      0x080035c8        0x0 d:/program files (x86)/atollic/truestudio for stm32 9.1.0/armtools/bin/../lib/gcc/arm-atollic-eabi/6.3.1/armv7e-m/fpu/fpv5-d16/crtbegin.o

.preinit_array  0x080035c8        0x0
                0x080035c8                PROVIDE (__preinit_array_start, .)
 *(.preinit_array*)
                0x080035c8                PROVIDE (__preinit_array_end, .)

.init_array     0x080035c8        0x4
                0x080035c8                PROVIDE (__init_array_start, .)
 *(SORT(.init_array.*))
 *(.init_array*)
 .init_array    0x080035c8        0x4 d:/program files (x86)/atollic/truestudio for stm32 9.1.0/armtools/bin/../lib/gcc/arm-atollic-eabi/6.3.1/armv7e-m/fpu/fpv5-d16/crtbegin.o
                0x080035cc                PROVIDE (__init_array_end, .)

.fini_array     0x080035cc        0x4
                [!provide]                PROVIDE (__fini_array_start, .)
 *(SORT(.fini_array.*))
 *(.fini_array*)
 .fini_array    0x080035cc        0x4 d:/program files (x86)/atollic/truestudio for stm32 9.1.0/armtools/bin/../lib/gcc/arm-atollic-eabi/6.3.1/armv7e-m/fpu/fpv5-d16/crtbegin.o
                [!provide]                PROVIDE (__fini_array_end, .)
                0x080035d0                _sidata = LOADADDR (.data)

.data           0x20000000       0x10 load address 0x080035d0
                0x20000000                . = ALIGN (0x4)
                0x20000000                _sdata = .
 *(.data)
 *(.data*)
 .data.SystemCoreClock
                0x20000000        0x4 Drivers\CMSIS\system_stm32h7xx.o
                0x20000000                SystemCoreClock
 .data.SystemD2Clock
                0x20000004        0x4 Drivers\CMSIS\system_stm32h7xx.o
                0x20000004                SystemD2Clock
 .data.uwTickFreq
                0x20000008        0x1 Drivers\STM32H7xx_HAL_Driver\stm32h7xx_hal.o
 *fill*         0x20000009        0x3 
 .data.uwTickPrio
                0x2000000c        0x4 Drivers\STM32H7xx_HAL_Driver\stm32h7xx_hal.o
                0x20000010                . = ALIGN (0x4)
                0x20000010                _edata = .

.igot.plt       0x20000010        0x0 load address 0x080035e0
 .igot.plt      0x20000010        0x0 d:/program files (x86)/atollic/truestudio for stm32 9.1.0/armtools/bin/../lib/gcc/arm-atollic-eabi/6.3.1/armv7e-m/fpu/fpv5-d16/crtbegin.o

.RxDecripSection
                0x20000010       0x60 load address 0x080035e0
 .RxDecripSection
                0x20000010       0x60 Application\User\main.o
                0x20000010                DMARxDscrTab

.TxDecripSection
                0x20000070       0x60 load address 0x08003640
 .TxDecripSection
                0x20000070       0x60 Application\User\main.o
                0x20000070                DMATxDscrTab
                0x200000d0                . = ALIGN (0x4)

.bss            0x200000d0      0x53c load address 0x080036a0
                0x200000d0                _sbss = .
                0x200000d0                __bss_start__ = _sbss
 *(.bss)
 .bss           0x200000d0       0x1c d:/program files (x86)/atollic/truestudio for stm32 9.1.0/armtools/bin/../lib/gcc/arm-atollic-eabi/6.3.1/armv7e-m/fpu/fpv5-d16/crtbegin.o
 *(.bss*)
 .bss.uwTick    0x200000ec        0x4 Drivers\STM32H7xx_HAL_Driver\stm32h7xx_hal.o
 *(COMMON)
 COMMON         0x200000f0      0x51c Application\User\main.o
                0x200000f0                huart3
                0x20000170                hpcd_USB_OTG_FS
                0x20000570                heth
                0x200005d8                TxConfig
                0x2000060c                . = ALIGN (0x4)
                0x2000060c                _ebss = .
                0x2000060c                __bss_end__ = _ebss

._user_heap_stack
                0x2000060c      0x600 load address 0x080036a0
                0x2000060c                . = ALIGN (0x4)
                0x2000060c                PROVIDE (end, .)
                [!provide]                PROVIDE (_end, .)
                0x2000080c                . = (. + _Min_Heap_Size)
 *fill*         0x2000060c      0x200 
                0x20000c0c                . = (. + _Min_Stack_Size)
 *fill*         0x2000080c      0x400 
                0x20000c0c                . = ALIGN (0x4)

/DISCARD/
 libc.a(*)
 libm.a(*)
 libgcc.a(*)

.ARM.attributes
                0x00000000       0x2e
 *(.ARM.attributes)
 .ARM.attributes
                0x00000000       0x20 d:/program files (x86)/atollic/truestudio for stm32 9.1.0/armtools/bin/../lib/gcc/arm-atollic-eabi/6.3.1/armv7e-m/fpu/fpv5-d16/crti.o
 .ARM.attributes
                0x00000020       0x32 d:/program files (x86)/atollic/truestudio for stm32 9.1.0/armtools/bin/../lib/gcc/arm-atollic-eabi/6.3.1/armv7e-m/fpu/fpv5-d16/crtbegin.o
 .ARM.attributes
                0x00000052       0x21 Application\TrueSTUDIO\startup_stm32h743xx.o
 .ARM.attributes
                0x00000073       0x37 Application\User\main.o
 .ARM.attributes
                0x000000aa       0x37 Application\User\stm32h7xx_hal_msp.o
 .ARM.attributes
                0x000000e1       0x37 Application\User\stm32h7xx_it.o
 .ARM.attributes
                0x00000118       0x37 Drivers\CMSIS\system_stm32h7xx.o
 .ARM.attributes
                0x0000014f       0x37 Drivers\STM32H7xx_HAL_Driver\stm32h7xx_hal.o
 .ARM.attributes
                0x00000186       0x37 Drivers\STM32H7xx_HAL_Driver\stm32h7xx_hal_cortex.o
 .ARM.attributes
                0x000001bd       0x37 Drivers\STM32H7xx_HAL_Driver\stm32h7xx_hal_eth.o
 .ARM.attributes
                0x000001f4       0x37 Drivers\STM32H7xx_HAL_Driver\stm32h7xx_hal_gpio.o
 .ARM.attributes
                0x0000022b       0x37 Drivers\STM32H7xx_HAL_Driver\stm32h7xx_hal_pcd.o
 .ARM.attributes
                0x00000262       0x37 Drivers\STM32H7xx_HAL_Driver\stm32h7xx_hal_pcd_ex.o
 .ARM.attributes
                0x00000299       0x37 Drivers\STM32H7xx_HAL_Driver\stm32h7xx_hal_rcc.o
 .ARM.attributes
                0x000002d0       0x37 Drivers\STM32H7xx_HAL_Driver\stm32h7xx_hal_rcc_ex.o
 .ARM.attributes
                0x00000307       0x37 Drivers\STM32H7xx_HAL_Driver\stm32h7xx_hal_uart.o
 .ARM.attributes
                0x0000033e       0x37 Drivers\STM32H7xx_HAL_Driver\stm32h7xx_ll_usb.o
 .ARM.attributes
                0x00000375       0x32 d:/program files (x86)/atollic/truestudio for stm32 9.1.0/armtools/bin/../lib/gcc/arm-atollic-eabi/6.3.1/../../../../arm-atollic-eabi/lib/armv7e-m/fpu/fpv5-d16\libc_nano.a(lib_a-init.o)
 .ARM.attributes
                0x000003a7       0x32 d:/program files (x86)/atollic/truestudio for stm32 9.1.0/armtools/bin/../lib/gcc/arm-atollic-eabi/6.3.1/../../../../arm-atollic-eabi/lib/armv7e-m/fpu/fpv5-d16\libc_nano.a(lib_a-memset.o)
 .ARM.attributes
                0x000003d9       0x20 d:/program files (x86)/atollic/truestudio for stm32 9.1.0/armtools/bin/../lib/gcc/arm-atollic-eabi/6.3.1/armv7e-m/fpu/fpv5-d16\libgcc.a(_aeabi_uldivmod.o)
 .ARM.attributes
                0x000003f9       0x32 d:/program files (x86)/atollic/truestudio for stm32 9.1.0/armtools/bin/../lib/gcc/arm-atollic-eabi/6.3.1/armv7e-m/fpu/fpv5-d16\libgcc.a(_udivmoddi4.o)
 .ARM.attributes
                0x0000042b       0x20 d:/program files (x86)/atollic/truestudio for stm32 9.1.0/armtools/bin/../lib/gcc/arm-atollic-eabi/6.3.1/armv7e-m/fpu/fpv5-d16\libgcc.a(_dvmd_tls.o)
 .ARM.attributes
                0x0000044b       0x20 d:/program files (x86)/atollic/truestudio for stm32 9.1.0/armtools/bin/../lib/gcc/arm-atollic-eabi/6.3.1/armv7e-m/fpu/fpv5-d16/crtn.o
OUTPUT(LED On.elf elf32-littlearm)

.debug_line     0x00000000     0x610c
 .debug_line    0x00000000       0x7a Application\TrueSTUDIO\startup_stm32h743xx.o
 .debug_line    0x0000007a      0x49c Application\User\main.o
 .debug_line    0x00000516      0x412 Application\User\stm32h7xx_hal_msp.o
 .debug_line    0x00000928      0x2e4 Application\User\stm32h7xx_it.o
 .debug_line    0x00000c0c      0x321 Drivers\CMSIS\system_stm32h7xx.o
 .debug_line    0x00000f2d      0x6ae Drivers\STM32H7xx_HAL_Driver\stm32h7xx_hal.o
 .debug_line    0x000015db      0x538 Drivers\STM32H7xx_HAL_Driver\stm32h7xx_hal_cortex.o
 .debug_line    0x00001b13      0xb12 Drivers\STM32H7xx_HAL_Driver\stm32h7xx_hal_eth.o
 .debug_line    0x00002625      0x4e8 Drivers\STM32H7xx_HAL_Driver\stm32h7xx_hal_gpio.o
 .debug_line    0x00002b0d      0x7df Drivers\STM32H7xx_HAL_Driver\stm32h7xx_hal_pcd.o
 .debug_line    0x000032ec      0x40f Drivers\STM32H7xx_HAL_Driver\stm32h7xx_hal_pcd_ex.o
 .debug_line    0x000036fb      0x800 Drivers\STM32H7xx_HAL_Driver\stm32h7xx_hal_rcc.o
 .debug_line    0x00003efb      0xa74 Drivers\STM32H7xx_HAL_Driver\stm32h7xx_hal_rcc_ex.o
 .debug_line    0x0000496f      0xe43 Drivers\STM32H7xx_HAL_Driver\stm32h7xx_hal_uart.o
 .debug_line    0x000057b2      0x95a Drivers\STM32H7xx_HAL_Driver\stm32h7xx_ll_usb.o

.debug_info     0x00000000    0x1a741
 .debug_info    0x00000000       0x78 Application\TrueSTUDIO\startup_stm32h743xx.o
 .debug_info    0x00000078     0x310a Application\User\main.o
 .debug_info    0x00003182     0x2956 Application\User\stm32h7xx_hal_msp.o
 .debug_info    0x00005ad8      0xa0a Application\User\stm32h7xx_it.o
 .debug_info    0x000064e2     0x1187 Drivers\CMSIS\system_stm32h7xx.o
 .debug_info    0x00007669     0x1d5b Drivers\STM32H7xx_HAL_Driver\stm32h7xx_hal.o
 .debug_info    0x000093c4     0x1abb Drivers\STM32H7xx_HAL_Driver\stm32h7xx_hal_cortex.o
 .debug_info    0x0000ae7f     0x307a Drivers\STM32H7xx_HAL_Driver\stm32h7xx_hal_eth.o
 .debug_info    0x0000def9     0x149e Drivers\STM32H7xx_HAL_Driver\stm32h7xx_hal_gpio.o
 .debug_info    0x0000f397     0x1e11 Drivers\STM32H7xx_HAL_Driver\stm32h7xx_hal_pcd.o
 .debug_info    0x000111a8     0x12a2 Drivers\STM32H7xx_HAL_Driver\stm32h7xx_hal_pcd_ex.o
 .debug_info    0x0001244a     0x1af2 Drivers\STM32H7xx_HAL_Driver\stm32h7xx_hal_rcc.o
 .debug_info    0x00013f3c     0x20cc Drivers\STM32H7xx_HAL_Driver\stm32h7xx_hal_rcc_ex.o
 .debug_info    0x00016008     0x2762 Drivers\STM32H7xx_HAL_Driver\stm32h7xx_hal_uart.o
 .debug_info    0x0001876a     0x1fd7 Drivers\STM32H7xx_HAL_Driver\stm32h7xx_ll_usb.o

.debug_abbrev   0x00000000     0x2d4e
 .debug_abbrev  0x00000000       0x12 Application\TrueSTUDIO\startup_stm32h743xx.o
 .debug_abbrev  0x00000012      0x338 Application\User\main.o
 .debug_abbrev  0x0000034a      0x2a7 Application\User\stm32h7xx_hal_msp.o
 .debug_abbrev  0x000005f1      0x1f0 Application\User\stm32h7xx_it.o
 .debug_abbrev  0x000007e1      0x239 Drivers\CMSIS\system_stm32h7xx.o
 .debug_abbrev  0x00000a1a      0x395 Drivers\STM32H7xx_HAL_Driver\stm32h7xx_hal.o
 .debug_abbrev  0x00000daf      0x3c0 Drivers\STM32H7xx_HAL_Driver\stm32h7xx_hal_cortex.o
 .debug_abbrev  0x0000116f      0x3c0 Drivers\STM32H7xx_HAL_Driver\stm32h7xx_hal_eth.o
 .debug_abbrev  0x0000152f      0x2b1 Drivers\STM32H7xx_HAL_Driver\stm32h7xx_hal_gpio.o
 .debug_abbrev  0x000017e0      0x3a8 Drivers\STM32H7xx_HAL_Driver\stm32h7xx_hal_pcd.o
 .debug_abbrev  0x00001b88      0x311 Drivers\STM32H7xx_HAL_Driver\stm32h7xx_hal_pcd_ex.o
 .debug_abbrev  0x00001e99      0x384 Drivers\STM32H7xx_HAL_Driver\stm32h7xx_hal_rcc.o
 .debug_abbrev  0x0000221d      0x3a7 Drivers\STM32H7xx_HAL_Driver\stm32h7xx_hal_rcc_ex.o
 .debug_abbrev  0x000025c4      0x405 Drivers\STM32H7xx_HAL_Driver\stm32h7xx_hal_uart.o
 .debug_abbrev  0x000029c9      0x385 Drivers\STM32H7xx_HAL_Driver\stm32h7xx_ll_usb.o

.debug_aranges  0x00000000      0xa78
 .debug_aranges
                0x00000000       0x28 Application\TrueSTUDIO\startup_stm32h743xx.o
 .debug_aranges
                0x00000028       0x30 Application\User\main.o
 .debug_aranges
                0x00000058       0x50 Application\User\stm32h7xx_hal_msp.o
 .debug_aranges
                0x000000a8       0x48 Application\User\stm32h7xx_it.o
 .debug_aranges
                0x000000f0       0x28 Drivers\CMSIS\system_stm32h7xx.o
 .debug_aranges
                0x00000118      0x198 Drivers\STM32H7xx_HAL_Driver\stm32h7xx_hal.o
 .debug_aranges
                0x000002b0       0xb0 Drivers\STM32H7xx_HAL_Driver\stm32h7xx_hal_cortex.o
 .debug_aranges
                0x00000360      0x150 Drivers\STM32H7xx_HAL_Driver\stm32h7xx_hal_eth.o
 .debug_aranges
                0x000004b0       0x58 Drivers\STM32H7xx_HAL_Driver\stm32h7xx_hal_gpio.o
 .debug_aranges
                0x00000508       0xc0 Drivers\STM32H7xx_HAL_Driver\stm32h7xx_hal_pcd.o
 .debug_aranges
                0x000005c8       0x58 Drivers\STM32H7xx_HAL_Driver\stm32h7xx_hal_pcd_ex.o
 .debug_aranges
                0x00000620       0x80 Drivers\STM32H7xx_HAL_Driver\stm32h7xx_hal_rcc.o
 .debug_aranges
                0x000006a0       0xd0 Drivers\STM32H7xx_HAL_Driver\stm32h7xx_hal_rcc_ex.o
 .debug_aranges
                0x00000770      0x188 Drivers\STM32H7xx_HAL_Driver\stm32h7xx_hal_uart.o
 .debug_aranges
                0x000008f8      0x180 Drivers\STM32H7xx_HAL_Driver\stm32h7xx_ll_usb.o

.debug_ranges   0x00000000      0xfb0
 .debug_ranges  0x00000000       0x20 Application\TrueSTUDIO\startup_stm32h743xx.o
 .debug_ranges  0x00000020       0xd0 Application\User\main.o
 .debug_ranges  0x000000f0       0xc8 Application\User\stm32h7xx_hal_msp.o
 .debug_ranges  0x000001b8       0x38 Application\User\stm32h7xx_it.o
 .debug_ranges  0x000001f0       0x30 Drivers\CMSIS\system_stm32h7xx.o
 .debug_ranges  0x00000220      0x188 Drivers\STM32H7xx_HAL_Driver\stm32h7xx_hal.o
 .debug_ranges  0x000003a8      0x140 Drivers\STM32H7xx_HAL_Driver\stm32h7xx_hal_cortex.o
 .debug_ranges  0x000004e8      0x1b8 Drivers\STM32H7xx_HAL_Driver\stm32h7xx_hal_eth.o
 .debug_ranges  0x000006a0       0x70 Drivers\STM32H7xx_HAL_Driver\stm32h7xx_hal_gpio.o
 .debug_ranges  0x00000710       0xc8 Drivers\STM32H7xx_HAL_Driver\stm32h7xx_hal_pcd.o
 .debug_ranges  0x000007d8       0x48 Drivers\STM32H7xx_HAL_Driver\stm32h7xx_hal_pcd_ex.o
 .debug_ranges  0x00000820      0x208 Drivers\STM32H7xx_HAL_Driver\stm32h7xx_hal_rcc.o
 .debug_ranges  0x00000a28      0x270 Drivers\STM32H7xx_HAL_Driver\stm32h7xx_hal_rcc_ex.o
 .debug_ranges  0x00000c98      0x190 Drivers\STM32H7xx_HAL_Driver\stm32h7xx_hal_uart.o
 .debug_ranges  0x00000e28      0x188 Drivers\STM32H7xx_HAL_Driver\stm32h7xx_ll_usb.o

.debug_loc      0x00000000     0x8ca5
 .debug_loc     0x00000000       0x20 Application\User\main.o
 .debug_loc     0x00000020      0x108 Application\User\stm32h7xx_hal_msp.o
 .debug_loc     0x00000128      0x1fa Drivers\CMSIS\system_stm32h7xx.o
 .debug_loc     0x00000322      0x3ff Drivers\STM32H7xx_HAL_Driver\stm32h7xx_hal.o
 .debug_loc     0x00000721      0x56a Drivers\STM32H7xx_HAL_Driver\stm32h7xx_hal_cortex.o
 .debug_loc     0x00000c8b     0x1bd7 Drivers\STM32H7xx_HAL_Driver\stm32h7xx_hal_eth.o
 .debug_loc     0x00002862      0x388 Drivers\STM32H7xx_HAL_Driver\stm32h7xx_hal_gpio.o
 .debug_loc     0x00002bea      0xba5 Drivers\STM32H7xx_HAL_Driver\stm32h7xx_hal_pcd.o
 .debug_loc     0x0000378f      0x1d5 Drivers\STM32H7xx_HAL_Driver\stm32h7xx_hal_pcd_ex.o
 .debug_loc     0x00003964      0x512 Drivers\STM32H7xx_HAL_Driver\stm32h7xx_hal_rcc.o
 .debug_loc     0x00003e76      0xdf5 Drivers\STM32H7xx_HAL_Driver\stm32h7xx_hal_rcc_ex.o
 .debug_loc     0x00004c6b     0x2a73 Drivers\STM32H7xx_HAL_Driver\stm32h7xx_hal_uart.o
 .debug_loc     0x000076de     0x15c7 Drivers\STM32H7xx_HAL_Driver\stm32h7xx_ll_usb.o

.debug_str      0x00000000     0x5f37
 .debug_str     0x00000000     0x2024 Application\User\main.o
                               0x2196 (size before relaxing)
 .debug_str     0x00002024       0xb0 Application\User\stm32h7xx_hal_msp.o
                               0x1aab (size before relaxing)
 .debug_str     0x000020d4       0xb8 Application\User\stm32h7xx_it.o
                                0x705 (size before relaxing)
 .debug_str     0x0000218c      0x17c Drivers\CMSIS\system_stm32h7xx.o
                                0xa07 (size before relaxing)
 .debug_str     0x00002308     0x1023 Drivers\STM32H7xx_HAL_Driver\stm32h7xx_hal.o
                               0x194a (size before relaxing)
 .debug_str     0x0000332b      0x456 Drivers\STM32H7xx_HAL_Driver\stm32h7xx_hal_cortex.o
                               0x14d5 (size before relaxing)
 .debug_str     0x00003781      0xb4a Drivers\STM32H7xx_HAL_Driver\stm32h7xx_hal_eth.o
                               0x1e50 (size before relaxing)
 .debug_str     0x000042cb       0xc5 Drivers\STM32H7xx_HAL_Driver\stm32h7xx_hal_gpio.o
                                0xb80 (size before relaxing)
 .debug_str     0x00004390      0x716 Drivers\STM32H7xx_HAL_Driver\stm32h7xx_hal_pcd.o
                               0x11a9 (size before relaxing)
 .debug_str     0x00004aa6      0x19f Drivers\STM32H7xx_HAL_Driver\stm32h7xx_hal_pcd_ex.o
                                0xd45 (size before relaxing)
 .debug_str     0x00004c45      0x27f Drivers\STM32H7xx_HAL_Driver\stm32h7xx_hal_rcc.o
                                0xe26 (size before relaxing)
 .debug_str     0x00004ec4      0x568 Drivers\STM32H7xx_HAL_Driver\stm32h7xx_hal_rcc_ex.o
                               0x125e (size before relaxing)
 .debug_str     0x0000542c      0x73c Drivers\STM32H7xx_HAL_Driver\stm32h7xx_hal_uart.o
                               0x1763 (size before relaxing)
 .debug_str     0x00005b68      0x3cf Drivers\STM32H7xx_HAL_Driver\stm32h7xx_ll_usb.o
                               0x1087 (size before relaxing)

.comment        0x00000000       0x7c
 .comment       0x00000000       0x7c Application\User\main.o
                                 0x7d (size before relaxing)
 .comment       0x0000007c       0x7d Application\User\stm32h7xx_hal_msp.o
 .comment       0x0000007c       0x7d Application\User\stm32h7xx_it.o
 .comment       0x0000007c       0x7d Drivers\CMSIS\system_stm32h7xx.o
 .comment       0x0000007c       0x7d Drivers\STM32H7xx_HAL_Driver\stm32h7xx_hal.o
 .comment       0x0000007c       0x7d Drivers\STM32H7xx_HAL_Driver\stm32h7xx_hal_cortex.o
 .comment       0x0000007c       0x7d Drivers\STM32H7xx_HAL_Driver\stm32h7xx_hal_eth.o
 .comment       0x0000007c       0x7d Drivers\STM32H7xx_HAL_Driver\stm32h7xx_hal_gpio.o
 .comment       0x0000007c       0x7d Drivers\STM32H7xx_HAL_Driver\stm32h7xx_hal_pcd.o
 .comment       0x0000007c       0x7d Drivers\STM32H7xx_HAL_Driver\stm32h7xx_hal_pcd_ex.o
 .comment       0x0000007c       0x7d Drivers\STM32H7xx_HAL_Driver\stm32h7xx_hal_rcc.o
 .comment       0x0000007c       0x7d Drivers\STM32H7xx_HAL_Driver\stm32h7xx_hal_rcc_ex.o
 .comment       0x0000007c       0x7d Drivers\STM32H7xx_HAL_Driver\stm32h7xx_hal_uart.o
 .comment       0x0000007c       0x7d Drivers\STM32H7xx_HAL_Driver\stm32h7xx_ll_usb.o

.debug_frame    0x00000000     0x1d68
 .debug_frame   0x00000000       0x68 Application\User\main.o
 .debug_frame   0x00000068       0xcc Application\User\stm32h7xx_hal_msp.o
 .debug_frame   0x00000134       0xa0 Application\User\stm32h7xx_it.o
 .debug_frame   0x000001d4       0x44 Drivers\CMSIS\system_stm32h7xx.o
 .debug_frame   0x00000218      0x384 Drivers\STM32H7xx_HAL_Driver\stm32h7xx_hal.o
 .debug_frame   0x0000059c      0x168 Drivers\STM32H7xx_HAL_Driver\stm32h7xx_hal_cortex.o
 .debug_frame   0x00000704      0x438 Drivers\STM32H7xx_HAL_Driver\stm32h7xx_hal_eth.o
 .debug_frame   0x00000b3c       0xd8 Drivers\STM32H7xx_HAL_Driver\stm32h7xx_hal_gpio.o
 .debug_frame   0x00000c14      0x2c4 Drivers\STM32H7xx_HAL_Driver\stm32h7xx_hal_pcd.o
 .debug_frame   0x00000ed8       0xb8 Drivers\STM32H7xx_HAL_Driver\stm32h7xx_hal_pcd_ex.o
 .debug_frame   0x00000f90      0x13c Drivers\STM32H7xx_HAL_Driver\stm32h7xx_hal_rcc.o
 .debug_frame   0x000010cc      0x254 Drivers\STM32H7xx_HAL_Driver\stm32h7xx_hal_rcc_ex.o
 .debug_frame   0x00001320      0x524 Drivers\STM32H7xx_HAL_Driver\stm32h7xx_hal_uart.o
 .debug_frame   0x00001844      0x478 Drivers\STM32H7xx_HAL_Driver\stm32h7xx_ll_usb.o
 .debug_frame   0x00001cbc       0x2c d:/program files (x86)/atollic/truestudio for stm32 9.1.0/armtools/bin/../lib/gcc/arm-atollic-eabi/6.3.1/../../../../arm-atollic-eabi/lib/armv7e-m/fpu/fpv5-d16\libc_nano.a(lib_a-init.o)
 .debug_frame   0x00001ce8       0x20 d:/program files (x86)/atollic/truestudio for stm32 9.1.0/armtools/bin/../lib/gcc/arm-atollic-eabi/6.3.1/../../../../arm-atollic-eabi/lib/armv7e-m/fpu/fpv5-d16\libc_nano.a(lib_a-memset.o)
 .debug_frame   0x00001d08       0x2c d:/program files (x86)/atollic/truestudio for stm32 9.1.0/armtools/bin/../lib/gcc/arm-atollic-eabi/6.3.1/armv7e-m/fpu/fpv5-d16\libgcc.a(_aeabi_uldivmod.o)
 .debug_frame   0x00001d34       0x34 d:/program files (x86)/atollic/truestudio for stm32 9.1.0/armtools/bin/../lib/gcc/arm-atollic-eabi/6.3.1/armv7e-m/fpu/fpv5-d16\libgcc.a(_udivmoddi4.o)
