23:17:53 **** Rebuild of configuration Debug for project LED On ****
Info: Internal Builder is used for build
arm-atollic-eabi-gcc -c -mthumb -mcpu=cortex-m7 -mfloat-abi=hard -mfpu=fpv5-d16 -std=gnu11 -D__weak=__attribute__((weak)) -D__packed=__attribute__((__packed__)) -DUSE_HAL_DRIVER -DSTM32H743xx -I../../../Inc -I../../../Drivers/STM32H7xx_HAL_Driver/Inc -I../../../Drivers/STM32H7xx_HAL_Driver/Inc/Legacy -I../../../Drivers/CMSIS/Device/ST/STM32H7xx/Include -I../../../Drivers/CMSIS/Include -Os -ffunction-sections -fdata-sections -g -fstack-usage -Wall -specs=nano.specs -o Drivers\STM32H7xx_HAL_Driver\stm32h7xx_hal_i2c_ex.o ..\..\..\Drivers\STM32H7xx_HAL_Driver\Src\stm32h7xx_hal_i2c_ex.c 
arm-atollic-eabi-gcc -c -mthumb -mcpu=cortex-m7 -mfloat-abi=hard -mfpu=fpv5-d16 -std=gnu11 -D__weak=__attribute__((weak)) -D__packed=__attribute__((__packed__)) -DUSE_HAL_DRIVER -DSTM32H743xx -I../../../Inc -I../../../Drivers/STM32H7xx_HAL_Driver/Inc -I../../../Drivers/STM32H7xx_HAL_Driver/Inc/Legacy -I../../../Drivers/CMSIS/Device/ST/STM32H7xx/Include -I../../../Drivers/CMSIS/Include -Os -ffunction-sections -fdata-sections -g -fstack-usage -Wall -specs=nano.specs -o Drivers\STM32H7xx_HAL_Driver\stm32h7xx_hal_tim.o ..\..\..\Drivers\STM32H7xx_HAL_Driver\Src\stm32h7xx_hal_tim.c 
arm-atollic-eabi-gcc -c -mthumb -mcpu=cortex-m7 -mfloat-abi=hard -mfpu=fpv5-d16 -std=gnu11 -D__weak=__attribute__((weak)) -D__packed=__attribute__((__packed__)) -DUSE_HAL_DRIVER -DSTM32H743xx -I../../../Inc -I../../../Drivers/STM32H7xx_HAL_Driver/Inc -I../../../Drivers/STM32H7xx_HAL_Driver/Inc/Legacy -I../../../Drivers/CMSIS/Device/ST/STM32H7xx/Include -I../../../Drivers/CMSIS/Include -Os -ffunction-sections -fdata-sections -g -fstack-usage -Wall -specs=nano.specs -o Drivers\STM32H7xx_HAL_Driver\stm32h7xx_hal_dma_ex.o ..\..\..\Drivers\STM32H7xx_HAL_Driver\Src\stm32h7xx_hal_dma_ex.c 
arm-atollic-eabi-gcc -c -mthumb -mcpu=cortex-m7 -mfloat-abi=hard -mfpu=fpv5-d16 -g -Wa,--no-warn -x assembler-with-cpp -specs=nano.specs -o Application\TrueSTUDIO\startup_stm32h743xx.o ..\..\startup_stm32h743xx.s 
arm-atollic-eabi-gcc -c -mthumb -mcpu=cortex-m7 -mfloat-abi=hard -mfpu=fpv5-d16 -std=gnu11 -D__weak=__attribute__((weak)) -D__packed=__attribute__((__packed__)) -DUSE_HAL_DRIVER -DSTM32H743xx -I../../../Inc -I../../../Drivers/STM32H7xx_HAL_Driver/Inc -I../../../Drivers/STM32H7xx_HAL_Driver/Inc/Legacy -I../../../Drivers/CMSIS/Device/ST/STM32H7xx/Include -I../../../Drivers/CMSIS/Include -Os -ffunction-sections -fdata-sections -g -fstack-usage -Wall -specs=nano.specs -o Application\TrueSTUDIO\syscalls.o ..\..\syscalls.c 
arm-atollic-eabi-gcc -c -mthumb -mcpu=cortex-m7 -mfloat-abi=hard -mfpu=fpv5-d16 -std=gnu11 -D__weak=__attribute__((weak)) -D__packed=__attribute__((__packed__)) -DUSE_HAL_DRIVER -DSTM32H743xx -I../../../Inc -I../../../Drivers/STM32H7xx_HAL_Driver/Inc -I../../../Drivers/STM32H7xx_HAL_Driver/Inc/Legacy -I../../../Drivers/CMSIS/Device/ST/STM32H7xx/Include -I../../../Drivers/CMSIS/Include -Os -ffunction-sections -fdata-sections -g -fstack-usage -Wall -specs=nano.specs -o Drivers\STM32H7xx_HAL_Driver\stm32h7xx_ll_usb.o ..\..\..\Drivers\STM32H7xx_HAL_Driver\Src\stm32h7xx_ll_usb.c 
arm-atollic-eabi-gcc -c -mthumb -mcpu=cortex-m7 -mfloat-abi=hard -mfpu=fpv5-d16 -std=gnu11 -D__weak=__attribute__((weak)) -D__packed=__attribute__((__packed__)) -DUSE_HAL_DRIVER -DSTM32H743xx -I../../../Inc -I../../../Drivers/STM32H7xx_HAL_Driver/Inc -I../../../Drivers/STM32H7xx_HAL_Driver/Inc/Legacy -I../../../Drivers/CMSIS/Device/ST/STM32H7xx/Include -I../../../Drivers/CMSIS/Include -Os -ffunction-sections -fdata-sections -g -fstack-usage -Wall -specs=nano.specs -o Drivers\STM32H7xx_HAL_Driver\stm32h7xx_hal_gpio.o ..\..\..\Drivers\STM32H7xx_HAL_Driver\Src\stm32h7xx_hal_gpio.c 
arm-atollic-eabi-gcc -c -mthumb -mcpu=cortex-m7 -mfloat-abi=hard -mfpu=fpv5-d16 -std=gnu11 -D__weak=__attribute__((weak)) -D__packed=__attribute__((__packed__)) -DUSE_HAL_DRIVER -DSTM32H743xx -I../../../Inc -I../../../Drivers/STM32H7xx_HAL_Driver/Inc -I../../../Drivers/STM32H7xx_HAL_Driver/Inc/Legacy -I../../../Drivers/CMSIS/Device/ST/STM32H7xx/Include -I../../../Drivers/CMSIS/Include -Os -ffunction-sections -fdata-sections -g -fstack-usage -Wall -specs=nano.specs -o Drivers\STM32H7xx_HAL_Driver\stm32h7xx_hal_dma.o ..\..\..\Drivers\STM32H7xx_HAL_Driver\Src\stm32h7xx_hal_dma.c 
arm-atollic-eabi-gcc -c -mthumb -mcpu=cortex-m7 -mfloat-abi=hard -mfpu=fpv5-d16 -std=gnu11 -D__weak=__attribute__((weak)) -D__packed=__attribute__((__packed__)) -DUSE_HAL_DRIVER -DSTM32H743xx -I../../../Inc -I../../../Drivers/STM32H7xx_HAL_Driver/Inc -I../../../Drivers/STM32H7xx_HAL_Driver/Inc/Legacy -I../../../Drivers/CMSIS/Device/ST/STM32H7xx/Include -I../../../Drivers/CMSIS/Include -Os -ffunction-sections -fdata-sections -g -fstack-usage -Wall -specs=nano.specs -o Drivers\STM32H7xx_HAL_Driver\stm32h7xx_hal_flash_ex.o ..\..\..\Drivers\STM32H7xx_HAL_Driver\Src\stm32h7xx_hal_flash_ex.c 
arm-atollic-eabi-gcc -c -mthumb -mcpu=cortex-m7 -mfloat-abi=hard -mfpu=fpv5-d16 -std=gnu11 -D__weak=__attribute__((weak)) -D__packed=__attribute__((__packed__)) -DUSE_HAL_DRIVER -DSTM32H743xx -I../../../Inc -I../../../Drivers/STM32H7xx_HAL_Driver/Inc -I../../../Drivers/STM32H7xx_HAL_Driver/Inc/Legacy -I../../../Drivers/CMSIS/Device/ST/STM32H7xx/Include -I../../../Drivers/CMSIS/Include -Os -ffunction-sections -fdata-sections -g -fstack-usage -Wall -specs=nano.specs -o Drivers\STM32H7xx_HAL_Driver\stm32h7xx_hal_uart.o ..\..\..\Drivers\STM32H7xx_HAL_Driver\Src\stm32h7xx_hal_uart.c 
arm-atollic-eabi-gcc -c -mthumb -mcpu=cortex-m7 -mfloat-abi=hard -mfpu=fpv5-d16 -std=gnu11 -D__weak=__attribute__((weak)) -D__packed=__attribute__((__packed__)) -DUSE_HAL_DRIVER -DSTM32H743xx -I../../../Inc -I../../../Drivers/STM32H7xx_HAL_Driver/Inc -I../../../Drivers/STM32H7xx_HAL_Driver/Inc/Legacy -I../../../Drivers/CMSIS/Device/ST/STM32H7xx/Include -I../../../Drivers/CMSIS/Include -Os -ffunction-sections -fdata-sections -g -fstack-usage -Wall -specs=nano.specs -o Drivers\STM32H7xx_HAL_Driver\stm32h7xx_hal_hsem.o ..\..\..\Drivers\STM32H7xx_HAL_Driver\Src\stm32h7xx_hal_hsem.c 
arm-atollic-eabi-gcc -c -mthumb -mcpu=cortex-m7 -mfloat-abi=hard -mfpu=fpv5-d16 -std=gnu11 -D__weak=__attribute__((weak)) -D__packed=__attribute__((__packed__)) -DUSE_HAL_DRIVER -DSTM32H743xx -I../../../Inc -I../../../Drivers/STM32H7xx_HAL_Driver/Inc -I../../../Drivers/STM32H7xx_HAL_Driver/Inc/Legacy -I../../../Drivers/CMSIS/Device/ST/STM32H7xx/Include -I../../../Drivers/CMSIS/Include -Os -ffunction-sections -fdata-sections -g -fstack-usage -Wall -specs=nano.specs -o Drivers\STM32H7xx_HAL_Driver\stm32h7xx_hal_cortex.o ..\..\..\Drivers\STM32H7xx_HAL_Driver\Src\stm32h7xx_hal_cortex.c 
arm-atollic-eabi-gcc -c -mthumb -mcpu=cortex-m7 -mfloat-abi=hard -mfpu=fpv5-d16 -std=gnu11 -D__weak=__attribute__((weak)) -D__packed=__attribute__((__packed__)) -DUSE_HAL_DRIVER -DSTM32H743xx -I../../../Inc -I../../../Drivers/STM32H7xx_HAL_Driver/Inc -I../../../Drivers/STM32H7xx_HAL_Driver/Inc/Legacy -I../../../Drivers/CMSIS/Device/ST/STM32H7xx/Include -I../../../Drivers/CMSIS/Include -Os -ffunction-sections -fdata-sections -g -fstack-usage -Wall -specs=nano.specs -o Drivers\STM32H7xx_HAL_Driver\stm32h7xx_hal_mdma.o ..\..\..\Drivers\STM32H7xx_HAL_Driver\Src\stm32h7xx_hal_mdma.c 
arm-atollic-eabi-gcc -c -mthumb -mcpu=cortex-m7 -mfloat-abi=hard -mfpu=fpv5-d16 -std=gnu11 -D__weak=__attribute__((weak)) -D__packed=__attribute__((__packed__)) -DUSE_HAL_DRIVER -DSTM32H743xx -I../../../Inc -I../../../Drivers/STM32H7xx_HAL_Driver/Inc -I../../../Drivers/STM32H7xx_HAL_Driver/Inc/Legacy -I../../../Drivers/CMSIS/Device/ST/STM32H7xx/Include -I../../../Drivers/CMSIS/Include -Os -ffunction-sections -fdata-sections -g -fstack-usage -Wall -specs=nano.specs -o Drivers\CMSIS\system_stm32h7xx.o ..\..\..\Src\system_stm32h7xx.c 
arm-atollic-eabi-gcc -c -mthumb -mcpu=cortex-m7 -mfloat-abi=hard -mfpu=fpv5-d16 -std=gnu11 -D__weak=__attribute__((weak)) -D__packed=__attribute__((__packed__)) -DUSE_HAL_DRIVER -DSTM32H743xx -I../../../Inc -I../../../Drivers/STM32H7xx_HAL_Driver/Inc -I../../../Drivers/STM32H7xx_HAL_Driver/Inc/Legacy -I../../../Drivers/CMSIS/Device/ST/STM32H7xx/Include -I../../../Drivers/CMSIS/Include -Os -ffunction-sections -fdata-sections -g -fstack-usage -Wall -specs=nano.specs -o Drivers\STM32H7xx_HAL_Driver\stm32h7xx_hal_pcd_ex.o ..\..\..\Drivers\STM32H7xx_HAL_Driver\Src\stm32h7xx_hal_pcd_ex.c 
arm-atollic-eabi-gcc -c -mthumb -mcpu=cortex-m7 -mfloat-abi=hard -mfpu=fpv5-d16 -std=gnu11 -D__weak=__attribute__((weak)) -D__packed=__attribute__((__packed__)) -DUSE_HAL_DRIVER -DSTM32H743xx -I../../../Inc -I../../../Drivers/STM32H7xx_HAL_Driver/Inc -I../../../Drivers/STM32H7xx_HAL_Driver/Inc/Legacy -I../../../Drivers/CMSIS/Device/ST/STM32H7xx/Include -I../../../Drivers/CMSIS/Include -Os -ffunction-sections -fdata-sections -g -fstack-usage -Wall -specs=nano.specs -o Drivers\STM32H7xx_HAL_Driver\stm32h7xx_hal_eth_ex.o ..\..\..\Drivers\STM32H7xx_HAL_Driver\Src\stm32h7xx_hal_eth_ex.c 
arm-atollic-eabi-gcc -c -mthumb -mcpu=cortex-m7 -mfloat-abi=hard -mfpu=fpv5-d16 -std=gnu11 -D__weak=__attribute__((weak)) -D__packed=__attribute__((__packed__)) -DUSE_HAL_DRIVER -DSTM32H743xx -I../../../Inc -I../../../Drivers/STM32H7xx_HAL_Driver/Inc -I../../../Drivers/STM32H7xx_HAL_Driver/Inc/Legacy -I../../../Drivers/CMSIS/Device/ST/STM32H7xx/Include -I../../../Drivers/CMSIS/Include -Os -ffunction-sections -fdata-sections -g -fstack-usage -Wall -specs=nano.specs -o Drivers\STM32H7xx_HAL_Driver\stm32h7xx_hal_rcc.o ..\..\..\Drivers\STM32H7xx_HAL_Driver\Src\stm32h7xx_hal_rcc.c 
arm-atollic-eabi-gcc -c -mthumb -mcpu=cortex-m7 -mfloat-abi=hard -mfpu=fpv5-d16 -std=gnu11 -D__weak=__attribute__((weak)) -D__packed=__attribute__((__packed__)) -DUSE_HAL_DRIVER -DSTM32H743xx -I../../../Inc -I../../../Drivers/STM32H7xx_HAL_Driver/Inc -I../../../Drivers/STM32H7xx_HAL_Driver/Inc/Legacy -I../../../Drivers/CMSIS/Device/ST/STM32H7xx/Include -I../../../Drivers/CMSIS/Include -Os -ffunction-sections -fdata-sections -g -fstack-usage -Wall -specs=nano.specs -o Drivers\STM32H7xx_HAL_Driver\stm32h7xx_hal_tim_ex.o ..\..\..\Drivers\STM32H7xx_HAL_Driver\Src\stm32h7xx_hal_tim_ex.c 
arm-atollic-eabi-gcc -c -mthumb -mcpu=cortex-m7 -mfloat-abi=hard -mfpu=fpv5-d16 -std=gnu11 -D__weak=__attribute__((weak)) -D__packed=__attribute__((__packed__)) -DUSE_HAL_DRIVER -DSTM32H743xx -I../../../Inc -I../../../Drivers/STM32H7xx_HAL_Driver/Inc -I../../../Drivers/STM32H7xx_HAL_Driver/Inc/Legacy -I../../../Drivers/CMSIS/Device/ST/STM32H7xx/Include -I../../../Drivers/CMSIS/Include -Os -ffunction-sections -fdata-sections -g -fstack-usage -Wall -specs=nano.specs -o Drivers\STM32H7xx_HAL_Driver\stm32h7xx_hal_i2c.o ..\..\..\Drivers\STM32H7xx_HAL_Driver\Src\stm32h7xx_hal_i2c.c 
arm-atollic-eabi-gcc -c -mthumb -mcpu=cortex-m7 -mfloat-abi=hard -mfpu=fpv5-d16 -std=gnu11 -D__weak=__attribute__((weak)) -D__packed=__attribute__((__packed__)) -DUSE_HAL_DRIVER -DSTM32H743xx -I../../../Inc -I../../../Drivers/STM32H7xx_HAL_Driver/Inc -I../../../Drivers/STM32H7xx_HAL_Driver/Inc/Legacy -I../../../Drivers/CMSIS/Device/ST/STM32H7xx/Include -I../../../Drivers/CMSIS/Include -Os -ffunction-sections -fdata-sections -g -fstack-usage -Wall -specs=nano.specs -o Application\User\main.o ..\..\..\Src\main.c 
arm-atollic-eabi-gcc -c -mthumb -mcpu=cortex-m7 -mfloat-abi=hard -mfpu=fpv5-d16 -std=gnu11 -D__weak=__attribute__((weak)) -D__packed=__attribute__((__packed__)) -DUSE_HAL_DRIVER -DSTM32H743xx -I../../../Inc -I../../../Drivers/STM32H7xx_HAL_Driver/Inc -I../../../Drivers/STM32H7xx_HAL_Driver/Inc/Legacy -I../../../Drivers/CMSIS/Device/ST/STM32H7xx/Include -I../../../Drivers/CMSIS/Include -Os -ffunction-sections -fdata-sections -g -fstack-usage -Wall -specs=nano.specs -o Drivers\STM32H7xx_HAL_Driver\stm32h7xx_hal_pcd.o ..\..\..\Drivers\STM32H7xx_HAL_Driver\Src\stm32h7xx_hal_pcd.c 
arm-atollic-eabi-gcc -c -mthumb -mcpu=cortex-m7 -mfloat-abi=hard -mfpu=fpv5-d16 -std=gnu11 -D__weak=__attribute__((weak)) -D__packed=__attribute__((__packed__)) -DUSE_HAL_DRIVER -DSTM32H743xx -I../../../Inc -I../../../Drivers/STM32H7xx_HAL_Driver/Inc -I../../../Drivers/STM32H7xx_HAL_Driver/Inc/Legacy -I../../../Drivers/CMSIS/Device/ST/STM32H7xx/Include -I../../../Drivers/CMSIS/Include -Os -ffunction-sections -fdata-sections -g -fstack-usage -Wall -specs=nano.specs -o Drivers\STM32H7xx_HAL_Driver\stm32h7xx_hal_pwr_ex.o ..\..\..\Drivers\STM32H7xx_HAL_Driver\Src\stm32h7xx_hal_pwr_ex.c 
arm-atollic-eabi-gcc -c -mthumb -mcpu=cortex-m7 -mfloat-abi=hard -mfpu=fpv5-d16 -std=gnu11 -D__weak=__attribute__((weak)) -D__packed=__attribute__((__packed__)) -DUSE_HAL_DRIVER -DSTM32H743xx -I../../../Inc -I../../../Drivers/STM32H7xx_HAL_Driver/Inc -I../../../Drivers/STM32H7xx_HAL_Driver/Inc/Legacy -I../../../Drivers/CMSIS/Device/ST/STM32H7xx/Include -I../../../Drivers/CMSIS/Include -Os -ffunction-sections -fdata-sections -g -fstack-usage -Wall -specs=nano.specs -o Application\User\stm32h7xx_it.o ..\..\..\Src\stm32h7xx_it.c 
arm-atollic-eabi-gcc -c -mthumb -mcpu=cortex-m7 -mfloat-abi=hard -mfpu=fpv5-d16 -std=gnu11 -D__weak=__attribute__((weak)) -D__packed=__attribute__((__packed__)) -DUSE_HAL_DRIVER -DSTM32H743xx -I../../../Inc -I../../../Drivers/STM32H7xx_HAL_Driver/Inc -I../../../Drivers/STM32H7xx_HAL_Driver/Inc/Legacy -I../../../Drivers/CMSIS/Device/ST/STM32H7xx/Include -I../../../Drivers/CMSIS/Include -Os -ffunction-sections -fdata-sections -g -fstack-usage -Wall -specs=nano.specs -o Drivers\STM32H7xx_HAL_Driver\stm32h7xx_hal_pwr.o ..\..\..\Drivers\STM32H7xx_HAL_Driver\Src\stm32h7xx_hal_pwr.c 
arm-atollic-eabi-gcc -c -mthumb -mcpu=cortex-m7 -mfloat-abi=hard -mfpu=fpv5-d16 -std=gnu11 -D__weak=__attribute__((weak)) -D__packed=__attribute__((__packed__)) -DUSE_HAL_DRIVER -DSTM32H743xx -I../../../Inc -I../../../Drivers/STM32H7xx_HAL_Driver/Inc -I../../../Drivers/STM32H7xx_HAL_Driver/Inc/Legacy -I../../../Drivers/CMSIS/Device/ST/STM32H7xx/Include -I../../../Drivers/CMSIS/Include -Os -ffunction-sections -fdata-sections -g -fstack-usage -Wall -specs=nano.specs -o Drivers\STM32H7xx_HAL_Driver\stm32h7xx_hal_flash.o ..\..\..\Drivers\STM32H7xx_HAL_Driver\Src\stm32h7xx_hal_flash.c 
arm-atollic-eabi-gcc -c -mthumb -mcpu=cortex-m7 -mfloat-abi=hard -mfpu=fpv5-d16 -std=gnu11 -D__weak=__attribute__((weak)) -D__packed=__attribute__((__packed__)) -DUSE_HAL_DRIVER -DSTM32H743xx -I../../../Inc -I../../../Drivers/STM32H7xx_HAL_Driver/Inc -I../../../Drivers/STM32H7xx_HAL_Driver/Inc/Legacy -I../../../Drivers/CMSIS/Device/ST/STM32H7xx/Include -I../../../Drivers/CMSIS/Include -Os -ffunction-sections -fdata-sections -g -fstack-usage -Wall -specs=nano.specs -o Drivers\STM32H7xx_HAL_Driver\stm32h7xx_hal_rcc_ex.o ..\..\..\Drivers\STM32H7xx_HAL_Driver\Src\stm32h7xx_hal_rcc_ex.c 
arm-atollic-eabi-gcc -c -mthumb -mcpu=cortex-m7 -mfloat-abi=hard -mfpu=fpv5-d16 -std=gnu11 -D__weak=__attribute__((weak)) -D__packed=__attribute__((__packed__)) -DUSE_HAL_DRIVER -DSTM32H743xx -I../../../Inc -I../../../Drivers/STM32H7xx_HAL_Driver/Inc -I../../../Drivers/STM32H7xx_HAL_Driver/Inc/Legacy -I../../../Drivers/CMSIS/Device/ST/STM32H7xx/Include -I../../../Drivers/CMSIS/Include -Os -ffunction-sections -fdata-sections -g -fstack-usage -Wall -specs=nano.specs -o Application\User\stm32h7xx_hal_msp.o ..\..\..\Src\stm32h7xx_hal_msp.c 
arm-atollic-eabi-gcc -c -mthumb -mcpu=cortex-m7 -mfloat-abi=hard -mfpu=fpv5-d16 -std=gnu11 -D__weak=__attribute__((weak)) -D__packed=__attribute__((__packed__)) -DUSE_HAL_DRIVER -DSTM32H743xx -I../../../Inc -I../../../Drivers/STM32H7xx_HAL_Driver/Inc -I../../../Drivers/STM32H7xx_HAL_Driver/Inc/Legacy -I../../../Drivers/CMSIS/Device/ST/STM32H7xx/Include -I../../../Drivers/CMSIS/Include -Os -ffunction-sections -fdata-sections -g -fstack-usage -Wall -specs=nano.specs -o Drivers\STM32H7xx_HAL_Driver\stm32h7xx_hal.o ..\..\..\Drivers\STM32H7xx_HAL_Driver\Src\stm32h7xx_hal.c 
arm-atollic-eabi-gcc -c -mthumb -mcpu=cortex-m7 -mfloat-abi=hard -mfpu=fpv5-d16 -std=gnu11 -D__weak=__attribute__((weak)) -D__packed=__attribute__((__packed__)) -DUSE_HAL_DRIVER -DSTM32H743xx -I../../../Inc -I../../../Drivers/STM32H7xx_HAL_Driver/Inc -I../../../Drivers/STM32H7xx_HAL_Driver/Inc/Legacy -I../../../Drivers/CMSIS/Device/ST/STM32H7xx/Include -I../../../Drivers/CMSIS/Include -Os -ffunction-sections -fdata-sections -g -fstack-usage -Wall -specs=nano.specs -o Drivers\STM32H7xx_HAL_Driver\stm32h7xx_hal_eth.o ..\..\..\Drivers\STM32H7xx_HAL_Driver\Src\stm32h7xx_hal_eth.c 
arm-atollic-eabi-gcc -c -mthumb -mcpu=cortex-m7 -mfloat-abi=hard -mfpu=fpv5-d16 -std=gnu11 -D__weak=__attribute__((weak)) -D__packed=__attribute__((__packed__)) -DUSE_HAL_DRIVER -DSTM32H743xx -I../../../Inc -I../../../Drivers/STM32H7xx_HAL_Driver/Inc -I../../../Drivers/STM32H7xx_HAL_Driver/Inc/Legacy -I../../../Drivers/CMSIS/Device/ST/STM32H7xx/Include -I../../../Drivers/CMSIS/Include -Os -ffunction-sections -fdata-sections -g -fstack-usage -Wall -specs=nano.specs -o Drivers\STM32H7xx_HAL_Driver\stm32h7xx_hal_uart_ex.o ..\..\..\Drivers\STM32H7xx_HAL_Driver\Src\stm32h7xx_hal_uart_ex.c 
arm-atollic-eabi-gcc -o LED On.elf Application\TrueSTUDIO\startup_stm32h743xx.o Application\TrueSTUDIO\syscalls.o Application\User\main.o Application\User\stm32h7xx_hal_msp.o Application\User\stm32h7xx_it.o Drivers\CMSIS\system_stm32h7xx.o Drivers\STM32H7xx_HAL_Driver\stm32h7xx_hal.o Drivers\STM32H7xx_HAL_Driver\stm32h7xx_hal_cortex.o Drivers\STM32H7xx_HAL_Driver\stm32h7xx_hal_dma.o Drivers\STM32H7xx_HAL_Driver\stm32h7xx_hal_dma_ex.o Drivers\STM32H7xx_HAL_Driver\stm32h7xx_hal_eth.o Drivers\STM32H7xx_HAL_Driver\stm32h7xx_hal_eth_ex.o Drivers\STM32H7xx_HAL_Driver\stm32h7xx_hal_flash.o Drivers\STM32H7xx_HAL_Driver\stm32h7xx_hal_flash_ex.o Drivers\STM32H7xx_HAL_Driver\stm32h7xx_hal_gpio.o Drivers\STM32H7xx_HAL_Driver\stm32h7xx_hal_hsem.o Drivers\STM32H7xx_HAL_Driver\stm32h7xx_hal_i2c.o Drivers\STM32H7xx_HAL_Driver\stm32h7xx_hal_i2c_ex.o Drivers\STM32H7xx_HAL_Driver\stm32h7xx_hal_mdma.o Drivers\STM32H7xx_HAL_Driver\stm32h7xx_hal_pcd.o Drivers\STM32H7xx_HAL_Driver\stm32h7xx_hal_pcd_ex.o Drivers\STM32H7xx_HAL_Driver\stm32h7xx_hal_pwr.o Drivers\STM32H7xx_HAL_Driver\stm32h7xx_hal_pwr_ex.o Drivers\STM32H7xx_HAL_Driver\stm32h7xx_hal_rcc.o Drivers\STM32H7xx_HAL_Driver\stm32h7xx_hal_rcc_ex.o Drivers\STM32H7xx_HAL_Driver\stm32h7xx_hal_tim.o Drivers\STM32H7xx_HAL_Driver\stm32h7xx_hal_tim_ex.o Drivers\STM32H7xx_HAL_Driver\stm32h7xx_hal_uart.o Drivers\STM32H7xx_HAL_Driver\stm32h7xx_hal_uart_ex.o Drivers\STM32H7xx_HAL_Driver\stm32h7xx_ll_usb.o -mthumb -mcpu=cortex-m7 -mfloat-abi=hard -mfpu=fpv5-d16 -T../STM32H743ZI_FLASH.ld -specs=nosys.specs -static -Wl,-Map=LED On.map -Wl,--gc-sections -Wl,--defsym=malloc_getpagesize_P=0x80 -Wl,--start-group -lc -lm -Wl,--end-group -specs=nano.specs 
D:\Program Files (x86)\Atollic\TrueSTUDIO for STM32 9.1.0\ide\jre\bin\java -jar D:\Program Files (x86)\Atollic\TrueSTUDIO for STM32 9.1.0\Tools\arm-atollic-reports.jar sizeinfo list LED On.elf 
Generate build reports...
Print size information
   text	   data	    bss	    dec	    hex	filename
  13684	    216	   2876	  16776	   4188	LED On.elf
Print size information done
Generate listing file
Output sent to: LED On.list
Generate listing file done
Generate build reports done
arm-atollic-eabi-objcopy.exe -O ihex LED On.elf LED On.hex 
23:19:07 **** Incremental Build of configuration Debug for project LED On ****
Info: Internal Builder is used for build
arm-atollic-eabi-gcc -o LED On.elf Application\TrueSTUDIO\startup_stm32h743xx.o Application\TrueSTUDIO\syscalls.o Application\User\main.o Application\User\stm32h7xx_hal_msp.o Application\User\stm32h7xx_it.o Drivers\CMSIS\system_stm32h7xx.o Drivers\STM32H7xx_HAL_Driver\stm32h7xx_hal.o Drivers\STM32H7xx_HAL_Driver\stm32h7xx_hal_cortex.o Drivers\STM32H7xx_HAL_Driver\stm32h7xx_hal_dma.o Drivers\STM32H7xx_HAL_Driver\stm32h7xx_hal_dma_ex.o Drivers\STM32H7xx_HAL_Driver\stm32h7xx_hal_eth.o Drivers\STM32H7xx_HAL_Driver\stm32h7xx_hal_eth_ex.o Drivers\STM32H7xx_HAL_Driver\stm32h7xx_hal_flash.o Drivers\STM32H7xx_HAL_Driver\stm32h7xx_hal_flash_ex.o Drivers\STM32H7xx_HAL_Driver\stm32h7xx_hal_gpio.o Drivers\STM32H7xx_HAL_Driver\stm32h7xx_hal_hsem.o Drivers\STM32H7xx_HAL_Driver\stm32h7xx_hal_i2c.o Drivers\STM32H7xx_HAL_Driver\stm32h7xx_hal_i2c_ex.o Drivers\STM32H7xx_HAL_Driver\stm32h7xx_hal_mdma.o Drivers\STM32H7xx_HAL_Driver\stm32h7xx_hal_pcd.o Drivers\STM32H7xx_HAL_Driver\stm32h7xx_hal_pcd_ex.o Drivers\STM32H7xx_HAL_Driver\stm32h7xx_hal_pwr.o Drivers\STM32H7xx_HAL_Driver\stm32h7xx_hal_pwr_ex.o Drivers\STM32H7xx_HAL_Driver\stm32h7xx_hal_rcc.o Drivers\STM32H7xx_HAL_Driver\stm32h7xx_hal_rcc_ex.o Drivers\STM32H7xx_HAL_Driver\stm32h7xx_hal_tim.o Drivers\STM32H7xx_HAL_Driver\stm32h7xx_hal_tim_ex.o Drivers\STM32H7xx_HAL_Driver\stm32h7xx_hal_uart.o Drivers\STM32H7xx_HAL_Driver\stm32h7xx_hal_uart_ex.o Drivers\STM32H7xx_HAL_Driver\stm32h7xx_ll_usb.o -mthumb -mcpu=cortex-m7 -mfloat-abi=hard -mfpu=fpv5-d16 -T../STM32H743ZI_FLASH.ld -specs=nosys.specs -static -Wl,-Map=LED On.map -Wl,--gc-sections -Wl,--defsym=malloc_getpagesize_P=0x80 -Wl,--start-group -lc -lm -Wl,--end-group -specs=nano.specs 
D:\Program Files (x86)\Atollic\TrueSTUDIO for STM32 9.1.0\ide\jre\bin\java -jar D:\Program Files (x86)\Atollic\TrueSTUDIO for STM32 9.1.0\Tools\arm-atollic-reports.jar sizeinfo list LED On.elf 
Generate build reports...
Print size information
   text	   data	    bss	    dec	    hex	filename
  13684	    216	   2876	  16776	   4188	LED On.elf
Print size information done
Generate listing file
Output sent to: LED On.list
Generate listing file done
Generate build reports done
arm-atollic-eabi-objcopy.exe -O ihex LED On.elf LED On.hex 
23:21:38 **** Incremental Build of configuration Debug for project LED On ****
Info: Internal Builder is used for build
arm-atollic-eabi-gcc -c -mthumb -mcpu=cortex-m7 -mfloat-abi=hard -mfpu=fpv5-d16 -std=gnu11 -D__weak=__attribute__((weak)) -D__packed=__attribute__((__packed__)) -DUSE_HAL_DRIVER -DSTM32H743xx -I../../../Inc -I../../../Drivers/STM32H7xx_HAL_Driver/Inc -I../../../Drivers/STM32H7xx_HAL_Driver/Inc/Legacy -I../../../Drivers/CMSIS/Device/ST/STM32H7xx/Include -I../../../Drivers/CMSIS/Include -Os -ffunction-sections -fdata-sections -g -fstack-usage -Wall -specs=nano.specs -o Application\User\main.o ..\..\..\Src\main.c 
arm-atollic-eabi-gcc -o LED On.elf Application\TrueSTUDIO\startup_stm32h743xx.o Application\TrueSTUDIO\syscalls.o Application\User\main.o Application\User\stm32h7xx_hal_msp.o Application\User\stm32h7xx_it.o Drivers\CMSIS\system_stm32h7xx.o Drivers\STM32H7xx_HAL_Driver\stm32h7xx_hal.o Drivers\STM32H7xx_HAL_Driver\stm32h7xx_hal_cortex.o Drivers\STM32H7xx_HAL_Driver\stm32h7xx_hal_dma.o Drivers\STM32H7xx_HAL_Driver\stm32h7xx_hal_dma_ex.o Drivers\STM32H7xx_HAL_Driver\stm32h7xx_hal_eth.o Drivers\STM32H7xx_HAL_Driver\stm32h7xx_hal_eth_ex.o Drivers\STM32H7xx_HAL_Driver\stm32h7xx_hal_flash.o Drivers\STM32H7xx_HAL_Driver\stm32h7xx_hal_flash_ex.o Drivers\STM32H7xx_HAL_Driver\stm32h7xx_hal_gpio.o Drivers\STM32H7xx_HAL_Driver\stm32h7xx_hal_hsem.o Drivers\STM32H7xx_HAL_Driver\stm32h7xx_hal_i2c.o Drivers\STM32H7xx_HAL_Driver\stm32h7xx_hal_i2c_ex.o Drivers\STM32H7xx_HAL_Driver\stm32h7xx_hal_mdma.o Drivers\STM32H7xx_HAL_Driver\stm32h7xx_hal_pcd.o Drivers\STM32H7xx_HAL_Driver\stm32h7xx_hal_pcd_ex.o Drivers\STM32H7xx_HAL_Driver\stm32h7xx_hal_pwr.o Drivers\STM32H7xx_HAL_Driver\stm32h7xx_hal_pwr_ex.o Drivers\STM32H7xx_HAL_Driver\stm32h7xx_hal_rcc.o Drivers\STM32H7xx_HAL_Driver\stm32h7xx_hal_rcc_ex.o Drivers\STM32H7xx_HAL_Driver\stm32h7xx_hal_tim.o Drivers\STM32H7xx_HAL_Driver\stm32h7xx_hal_tim_ex.o Drivers\STM32H7xx_HAL_Driver\stm32h7xx_hal_uart.o Drivers\STM32H7xx_HAL_Driver\stm32h7xx_hal_uart_ex.o Drivers\STM32H7xx_HAL_Driver\stm32h7xx_ll_usb.o -mthumb -mcpu=cortex-m7 -mfloat-abi=hard -mfpu=fpv5-d16 -T../STM32H743ZI_FLASH.ld -specs=nosys.specs -static -Wl,-Map=LED On.map -Wl,--gc-sections -Wl,--defsym=malloc_getpagesize_P=0x80 -Wl,--start-group -lc -lm -Wl,--end-group -specs=nano.specs 
D:\Program Files (x86)\Atollic\TrueSTUDIO for STM32 9.1.0\ide\jre\bin\java -jar D:\Program Files (x86)\Atollic\TrueSTUDIO for STM32 9.1.0\Tools\arm-atollic-reports.jar sizeinfo list LED On.elf 
Generate build reports...
Print size information
   text	   data	    bss	    dec	    hex	filename
  13684	    216	   2876	  16776	   4188	LED On.elf
Print size information done
Generate listing file
Output sent to: LED On.list
Generate listing file done
Generate build reports done
arm-atollic-eabi-objcopy.exe -O ihex LED On.elf LED On.hex 
23:22:30 **** Incremental Build of configuration Debug for project LED On ****
Info: Internal Builder is used for build
arm-atollic-eabi-gcc -c -mthumb -mcpu=cortex-m7 -mfloat-abi=hard -mfpu=fpv5-d16 -std=gnu11 -D__weak=__attribute__((weak)) -D__packed=__attribute__((__packed__)) -DUSE_HAL_DRIVER -DSTM32H743xx -I../../../Inc -I../../../Drivers/STM32H7xx_HAL_Driver/Inc -I../../../Drivers/STM32H7xx_HAL_Driver/Inc/Legacy -I../../../Drivers/CMSIS/Device/ST/STM32H7xx/Include -I../../../Drivers/CMSIS/Include -Os -ffunction-sections -fdata-sections -g -fstack-usage -Wall -specs=nano.specs -o Application\User\main.o ..\..\..\Src\main.c 
arm-atollic-eabi-gcc -o LED On.elf Application\TrueSTUDIO\startup_stm32h743xx.o Application\TrueSTUDIO\syscalls.o Application\User\main.o Application\User\stm32h7xx_hal_msp.o Application\User\stm32h7xx_it.o Drivers\CMSIS\system_stm32h7xx.o Drivers\STM32H7xx_HAL_Driver\stm32h7xx_hal.o Drivers\STM32H7xx_HAL_Driver\stm32h7xx_hal_cortex.o Drivers\STM32H7xx_HAL_Driver\stm32h7xx_hal_dma.o Drivers\STM32H7xx_HAL_Driver\stm32h7xx_hal_dma_ex.o Drivers\STM32H7xx_HAL_Driver\stm32h7xx_hal_eth.o Drivers\STM32H7xx_HAL_Driver\stm32h7xx_hal_eth_ex.o Drivers\STM32H7xx_HAL_Driver\stm32h7xx_hal_flash.o Drivers\STM32H7xx_HAL_Driver\stm32h7xx_hal_flash_ex.o Drivers\STM32H7xx_HAL_Driver\stm32h7xx_hal_gpio.o Drivers\STM32H7xx_HAL_Driver\stm32h7xx_hal_hsem.o Drivers\STM32H7xx_HAL_Driver\stm32h7xx_hal_i2c.o Drivers\STM32H7xx_HAL_Driver\stm32h7xx_hal_i2c_ex.o Drivers\STM32H7xx_HAL_Driver\stm32h7xx_hal_mdma.o Drivers\STM32H7xx_HAL_Driver\stm32h7xx_hal_pcd.o Drivers\STM32H7xx_HAL_Driver\stm32h7xx_hal_pcd_ex.o Drivers\STM32H7xx_HAL_Driver\stm32h7xx_hal_pwr.o Drivers\STM32H7xx_HAL_Driver\stm32h7xx_hal_pwr_ex.o Drivers\STM32H7xx_HAL_Driver\stm32h7xx_hal_rcc.o Drivers\STM32H7xx_HAL_Driver\stm32h7xx_hal_rcc_ex.o Drivers\STM32H7xx_HAL_Driver\stm32h7xx_hal_tim.o Drivers\STM32H7xx_HAL_Driver\stm32h7xx_hal_tim_ex.o Drivers\STM32H7xx_HAL_Driver\stm32h7xx_hal_uart.o Drivers\STM32H7xx_HAL_Driver\stm32h7xx_hal_uart_ex.o Drivers\STM32H7xx_HAL_Driver\stm32h7xx_ll_usb.o -mthumb -mcpu=cortex-m7 -mfloat-abi=hard -mfpu=fpv5-d16 -T../STM32H743ZI_FLASH.ld -specs=nosys.specs -static -Wl,-Map=LED On.map -Wl,--gc-sections -Wl,--defsym=malloc_getpagesize_P=0x80 -Wl,--start-group -lc -lm -Wl,--end-group -specs=nano.specs 
D:\Program Files (x86)\Atollic\TrueSTUDIO for STM32 9.1.0\ide\jre\bin\java -jar D:\Program Files (x86)\Atollic\TrueSTUDIO for STM32 9.1.0\Tools\arm-atollic-reports.jar sizeinfo list LED On.elf 
Generate build reports...
Print size information
   text	   data	    bss	    dec	    hex	filename
  13684	    216	   2876	  16776	   4188	LED On.elf
Print size information done
Generate listing file
Output sent to: LED On.list
Generate listing file done
Generate build reports done
arm-atollic-eabi-objcopy.exe -O ihex LED On.elf LED On.hex 
23:37:38 **** Incremental Build of configuration Debug for project LED On ****
Info: Internal Builder is used for build
arm-atollic-eabi-gcc -c -mthumb -mcpu=cortex-m7 -mfloat-abi=hard -mfpu=fpv5-d16 -std=gnu11 -D__weak=__attribute__((weak)) -D__packed=__attribute__((__packed__)) -DUSE_HAL_DRIVER -DSTM32H743xx -I../../../Inc -I../../../Drivers/STM32H7xx_HAL_Driver/Inc -I../../../Drivers/STM32H7xx_HAL_Driver/Inc/Legacy -I../../../Drivers/CMSIS/Device/ST/STM32H7xx/Include -I../../../Drivers/CMSIS/Include -Os -ffunction-sections -fdata-sections -g -fstack-usage -Wall -specs=nano.specs -o Application\User\main.o ..\..\..\Src\main.c 
arm-atollic-eabi-gcc -o LED On.elf Application\TrueSTUDIO\startup_stm32h743xx.o Application\TrueSTUDIO\syscalls.o Application\User\main.o Application\User\stm32h7xx_hal_msp.o Application\User\stm32h7xx_it.o Drivers\CMSIS\system_stm32h7xx.o Drivers\STM32H7xx_HAL_Driver\stm32h7xx_hal.o Drivers\STM32H7xx_HAL_Driver\stm32h7xx_hal_cortex.o Drivers\STM32H7xx_HAL_Driver\stm32h7xx_hal_dma.o Drivers\STM32H7xx_HAL_Driver\stm32h7xx_hal_dma_ex.o Drivers\STM32H7xx_HAL_Driver\stm32h7xx_hal_eth.o Drivers\STM32H7xx_HAL_Driver\stm32h7xx_hal_eth_ex.o Drivers\STM32H7xx_HAL_Driver\stm32h7xx_hal_flash.o Drivers\STM32H7xx_HAL_Driver\stm32h7xx_hal_flash_ex.o Drivers\STM32H7xx_HAL_Driver\stm32h7xx_hal_gpio.o Drivers\STM32H7xx_HAL_Driver\stm32h7xx_hal_hsem.o Drivers\STM32H7xx_HAL_Driver\stm32h7xx_hal_i2c.o Drivers\STM32H7xx_HAL_Driver\stm32h7xx_hal_i2c_ex.o Drivers\STM32H7xx_HAL_Driver\stm32h7xx_hal_mdma.o Drivers\STM32H7xx_HAL_Driver\stm32h7xx_hal_pcd.o Drivers\STM32H7xx_HAL_Driver\stm32h7xx_hal_pcd_ex.o Drivers\STM32H7xx_HAL_Driver\stm32h7xx_hal_pwr.o Drivers\STM32H7xx_HAL_Driver\stm32h7xx_hal_pwr_ex.o Drivers\STM32H7xx_HAL_Driver\stm32h7xx_hal_rcc.o Drivers\STM32H7xx_HAL_Driver\stm32h7xx_hal_rcc_ex.o Drivers\STM32H7xx_HAL_Driver\stm32h7xx_hal_tim.o Drivers\STM32H7xx_HAL_Driver\stm32h7xx_hal_tim_ex.o Drivers\STM32H7xx_HAL_Driver\stm32h7xx_hal_uart.o Drivers\STM32H7xx_HAL_Driver\stm32h7xx_hal_uart_ex.o Drivers\STM32H7xx_HAL_Driver\stm32h7xx_ll_usb.o -mthumb -mcpu=cortex-m7 -mfloat-abi=hard -mfpu=fpv5-d16 -T../STM32H743ZI_FLASH.ld -specs=nosys.specs -static -Wl,-Map=LED On.map -Wl,--gc-sections -Wl,--defsym=malloc_getpagesize_P=0x80 -Wl,--start-group -lc -lm -Wl,--end-group -specs=nano.specs 
D:\Program Files (x86)\Atollic\TrueSTUDIO for STM32 9.1.0\ide\jre\bin\java -jar D:\Program Files (x86)\Atollic\TrueSTUDIO for STM32 9.1.0\Tools\arm-atollic-reports.jar sizeinfo list LED On.elf 
Generate build reports...
Print size information
   text	   data	    bss	    dec	    hex	filename
  13748	    216	   2876	  16840	   41c8	LED On.elf
Print size information done
Generate listing file
Output sent to: LED On.list
Generate listing file done
Generate build reports done
arm-atollic-eabi-objcopy.exe -O ihex LED On.elf LED On.hex 
Info: Nothing to build for LED On
Info: Nothing to build for LED On
Info: Nothing to build for LED On
23:43:48 **** Incremental Build of configuration Debug for project LED On ****
Info: Internal Builder is used for build
arm-atollic-eabi-gcc -c -mthumb -mcpu=cortex-m7 -mfloat-abi=hard -mfpu=fpv5-d16 -std=gnu11 -D__weak=__attribute__((weak)) -D__packed=__attribute__((__packed__)) -DUSE_HAL_DRIVER -DSTM32H743xx -I../../../Inc -I../../../Drivers/STM32H7xx_HAL_Driver/Inc -I../../../Drivers/STM32H7xx_HAL_Driver/Inc/Legacy -I../../../Drivers/CMSIS/Device/ST/STM32H7xx/Include -I../../../Drivers/CMSIS/Include -Os -ffunction-sections -fdata-sections -g -fstack-usage -Wall -specs=nano.specs -o Application\User\main.o ..\..\..\Src\main.c 
arm-atollic-eabi-gcc -o LED On.elf Application\TrueSTUDIO\startup_stm32h743xx.o Application\TrueSTUDIO\syscalls.o Application\User\main.o Application\User\stm32h7xx_hal_msp.o Application\User\stm32h7xx_it.o Drivers\CMSIS\system_stm32h7xx.o Drivers\STM32H7xx_HAL_Driver\stm32h7xx_hal.o Drivers\STM32H7xx_HAL_Driver\stm32h7xx_hal_cortex.o Drivers\STM32H7xx_HAL_Driver\stm32h7xx_hal_dma.o Drivers\STM32H7xx_HAL_Driver\stm32h7xx_hal_dma_ex.o Drivers\STM32H7xx_HAL_Driver\stm32h7xx_hal_eth.o Drivers\STM32H7xx_HAL_Driver\stm32h7xx_hal_eth_ex.o Drivers\STM32H7xx_HAL_Driver\stm32h7xx_hal_flash.o Drivers\STM32H7xx_HAL_Driver\stm32h7xx_hal_flash_ex.o Drivers\STM32H7xx_HAL_Driver\stm32h7xx_hal_gpio.o Drivers\STM32H7xx_HAL_Driver\stm32h7xx_hal_hsem.o Drivers\STM32H7xx_HAL_Driver\stm32h7xx_hal_i2c.o Drivers\STM32H7xx_HAL_Driver\stm32h7xx_hal_i2c_ex.o Drivers\STM32H7xx_HAL_Driver\stm32h7xx_hal_mdma.o Drivers\STM32H7xx_HAL_Driver\stm32h7xx_hal_pcd.o Drivers\STM32H7xx_HAL_Driver\stm32h7xx_hal_pcd_ex.o Drivers\STM32H7xx_HAL_Driver\stm32h7xx_hal_pwr.o Drivers\STM32H7xx_HAL_Driver\stm32h7xx_hal_pwr_ex.o Drivers\STM32H7xx_HAL_Driver\stm32h7xx_hal_rcc.o Drivers\STM32H7xx_HAL_Driver\stm32h7xx_hal_rcc_ex.o Drivers\STM32H7xx_HAL_Driver\stm32h7xx_hal_tim.o Drivers\STM32H7xx_HAL_Driver\stm32h7xx_hal_tim_ex.o Drivers\STM32H7xx_HAL_Driver\stm32h7xx_hal_uart.o Drivers\STM32H7xx_HAL_Driver\stm32h7xx_hal_uart_ex.o Drivers\STM32H7xx_HAL_Driver\stm32h7xx_ll_usb.o -mthumb -mcpu=cortex-m7 -mfloat-abi=hard -mfpu=fpv5-d16 -T../STM32H743ZI_FLASH.ld -specs=nosys.specs -static -Wl,-Map=LED On.map -Wl,--gc-sections -Wl,--defsym=malloc_getpagesize_P=0x80 -Wl,--start-group -lc -lm -Wl,--end-group -specs=nano.specs 
D:\Program Files (x86)\Atollic\TrueSTUDIO for STM32 9.1.0\ide\jre\bin\java -jar D:\Program Files (x86)\Atollic\TrueSTUDIO for STM32 9.1.0\Tools\arm-atollic-reports.jar sizeinfo list LED On.elf 
Generate build reports...
Print size information
   text	   data	    bss	    dec	    hex	filename
  13748	    216	   2876	  16840	   41c8	LED On.elf
Print size information done
Generate listing file
Output sent to: LED On.list
Generate listing file done
Generate build reports done
arm-atollic-eabi-objcopy.exe -O ihex LED On.elf LED On.hex 
Info: Nothing to build for LED On
12:51:43 **** Incremental Build of configuration Debug for project LED On ****
Info: Internal Builder is used for build
arm-atollic-eabi-gcc -c -mthumb -mcpu=cortex-m7 -mfloat-abi=hard -mfpu=fpv5-d16 -std=gnu11 -D__weak=__attribute__((weak)) -D__packed=__attribute__((__packed__)) -DUSE_HAL_DRIVER -DSTM32H743xx -I../../../Inc -I../../../Drivers/STM32H7xx_HAL_Driver/Inc -I../../../Drivers/STM32H7xx_HAL_Driver/Inc/Legacy -I../../../Drivers/CMSIS/Device/ST/STM32H7xx/Include -I../../../Drivers/CMSIS/Include -Os -ffunction-sections -fdata-sections -g -fstack-usage -Wall -specs=nano.specs -o Application\User\main.o ..\..\..\Src\main.c 
arm-atollic-eabi-gcc -o LED On.elf Application\TrueSTUDIO\startup_stm32h743xx.o Application\TrueSTUDIO\syscalls.o Application\User\main.o Application\User\stm32h7xx_hal_msp.o Application\User\stm32h7xx_it.o Drivers\CMSIS\system_stm32h7xx.o Drivers\STM32H7xx_HAL_Driver\stm32h7xx_hal.o Drivers\STM32H7xx_HAL_Driver\stm32h7xx_hal_cortex.o Drivers\STM32H7xx_HAL_Driver\stm32h7xx_hal_dma.o Drivers\STM32H7xx_HAL_Driver\stm32h7xx_hal_dma_ex.o Drivers\STM32H7xx_HAL_Driver\stm32h7xx_hal_eth.o Drivers\STM32H7xx_HAL_Driver\stm32h7xx_hal_eth_ex.o Drivers\STM32H7xx_HAL_Driver\stm32h7xx_hal_flash.o Drivers\STM32H7xx_HAL_Driver\stm32h7xx_hal_flash_ex.o Drivers\STM32H7xx_HAL_Driver\stm32h7xx_hal_gpio.o Drivers\STM32H7xx_HAL_Driver\stm32h7xx_hal_hsem.o Drivers\STM32H7xx_HAL_Driver\stm32h7xx_hal_i2c.o Drivers\STM32H7xx_HAL_Driver\stm32h7xx_hal_i2c_ex.o Drivers\STM32H7xx_HAL_Driver\stm32h7xx_hal_mdma.o Drivers\STM32H7xx_HAL_Driver\stm32h7xx_hal_pcd.o Drivers\STM32H7xx_HAL_Driver\stm32h7xx_hal_pcd_ex.o Drivers\STM32H7xx_HAL_Driver\stm32h7xx_hal_pwr.o Drivers\STM32H7xx_HAL_Driver\stm32h7xx_hal_pwr_ex.o Drivers\STM32H7xx_HAL_Driver\stm32h7xx_hal_rcc.o Drivers\STM32H7xx_HAL_Driver\stm32h7xx_hal_rcc_ex.o Drivers\STM32H7xx_HAL_Driver\stm32h7xx_hal_tim.o Drivers\STM32H7xx_HAL_Driver\stm32h7xx_hal_tim_ex.o Drivers\STM32H7xx_HAL_Driver\stm32h7xx_hal_uart.o Drivers\STM32H7xx_HAL_Driver\stm32h7xx_hal_uart_ex.o Drivers\STM32H7xx_HAL_Driver\stm32h7xx_ll_usb.o -mthumb -mcpu=cortex-m7 -mfloat-abi=hard -mfpu=fpv5-d16 -T../STM32H743ZI_FLASH.ld -specs=nosys.specs -static -Wl,-Map=LED On.map -Wl,--gc-sections -Wl,--defsym=malloc_getpagesize_P=0x80 -Wl,--start-group -lc -lm -Wl,--end-group -specs=nano.specs 
D:\Program Files (x86)\Atollic\TrueSTUDIO for STM32 9.1.0\ide\jre\bin\java -jar D:\Program Files (x86)\Atollic\TrueSTUDIO for STM32 9.1.0\Tools\arm-atollic-reports.jar sizeinfo list LED On.elf 
Generate build reports...
Print size information
   text	   data	    bss	    dec	    hex	filename
  13756	    216	   2876	  16848	   41d0	LED On.elf
Print size information done
Generate listing file
Output sent to: LED On.list
Generate listing file done
Generate build reports done
arm-atollic-eabi-objcopy.exe -O ihex LED On.elf LED On.hex 
Info: Nothing to build for LED On
07:44:06 **** Incremental Build of configuration Debug for project LED On ****
Info: Internal Builder is used for build
arm-atollic-eabi-gcc -c -mthumb -mcpu=cortex-m7 -mfloat-abi=hard -mfpu=fpv5-d16 -std=gnu11 -D__weak=__attribute__((weak)) -D__packed=__attribute__((__packed__)) -DUSE_HAL_DRIVER -DSTM32H743xx -I../../../Inc -I../../../Drivers/STM32H7xx_HAL_Driver/Inc -I../../../Drivers/STM32H7xx_HAL_Driver/Inc/Legacy -I../../../Drivers/CMSIS/Device/ST/STM32H7xx/Include -I../../../Drivers/CMSIS/Include -Os -ffunction-sections -fdata-sections -g -fstack-usage -Wall -specs=nano.specs -o Application\User\main.o ..\..\..\Src\main.c 
..\..\..\Src\main.c: In function 'main':
..\..\..\Src\main.c:148:7: warning: unused variable 'flag' [-Wunused-variable]
   int flag = 0;
       ^~~~
arm-atollic-eabi-gcc -o LED On.elf Application\TrueSTUDIO\startup_stm32h743xx.o Application\TrueSTUDIO\syscalls.o Application\User\main.o Application\User\stm32h7xx_hal_msp.o Application\User\stm32h7xx_it.o Drivers\CMSIS\system_stm32h7xx.o Drivers\STM32H7xx_HAL_Driver\stm32h7xx_hal.o Drivers\STM32H7xx_HAL_Driver\stm32h7xx_hal_cortex.o Drivers\STM32H7xx_HAL_Driver\stm32h7xx_hal_dma.o Drivers\STM32H7xx_HAL_Driver\stm32h7xx_hal_dma_ex.o Drivers\STM32H7xx_HAL_Driver\stm32h7xx_hal_eth.o Drivers\STM32H7xx_HAL_Driver\stm32h7xx_hal_eth_ex.o Drivers\STM32H7xx_HAL_Driver\stm32h7xx_hal_flash.o Drivers\STM32H7xx_HAL_Driver\stm32h7xx_hal_flash_ex.o Drivers\STM32H7xx_HAL_Driver\stm32h7xx_hal_gpio.o Drivers\STM32H7xx_HAL_Driver\stm32h7xx_hal_hsem.o Drivers\STM32H7xx_HAL_Driver\stm32h7xx_hal_i2c.o Drivers\STM32H7xx_HAL_Driver\stm32h7xx_hal_i2c_ex.o Drivers\STM32H7xx_HAL_Driver\stm32h7xx_hal_mdma.o Drivers\STM32H7xx_HAL_Driver\stm32h7xx_hal_pcd.o Drivers\STM32H7xx_HAL_Driver\stm32h7xx_hal_pcd_ex.o Drivers\STM32H7xx_HAL_Driver\stm32h7xx_hal_pwr.o Drivers\STM32H7xx_HAL_Driver\stm32h7xx_hal_pwr_ex.o Drivers\STM32H7xx_HAL_Driver\stm32h7xx_hal_rcc.o Drivers\STM32H7xx_HAL_Driver\stm32h7xx_hal_rcc_ex.o Drivers\STM32H7xx_HAL_Driver\stm32h7xx_hal_tim.o Drivers\STM32H7xx_HAL_Driver\stm32h7xx_hal_tim_ex.o Drivers\STM32H7xx_HAL_Driver\stm32h7xx_hal_uart.o Drivers\STM32H7xx_HAL_Driver\stm32h7xx_hal_uart_ex.o Drivers\STM32H7xx_HAL_Driver\stm32h7xx_ll_usb.o -mthumb -mcpu=cortex-m7 -mfloat-abi=hard -mfpu=fpv5-d16 -T../STM32H743ZI_FLASH.ld -specs=nosys.specs -static -Wl,-Map=LED On.map -Wl,--gc-sections -Wl,--defsym=malloc_getpagesize_P=0x80 -Wl,--start-group -lc -lm -Wl,--end-group -specs=nano.specs 
D:\Program Files (x86)\Atollic\TrueSTUDIO for STM32 9.1.0\ide\jre\bin\java -jar D:\Program Files (x86)\Atollic\TrueSTUDIO for STM32 9.1.0\Tools\arm-atollic-reports.jar sizeinfo list LED On.elf 
Generate build reports...
Print size information
   text	   data	    bss	    dec	    hex	filename
  13744	    216	   2876	  16836	   41c4	LED On.elf
Print size information done
Generate listing file
Output sent to: LED On.list
Generate listing file done
Generate build reports done
arm-atollic-eabi-objcopy.exe -O ihex LED On.elf LED On.hex 
07:45:20 **** Incremental Build of configuration Debug for project LED On ****
Info: Internal Builder is used for build
arm-atollic-eabi-gcc -c -mthumb -mcpu=cortex-m7 -mfloat-abi=hard -mfpu=fpv5-d16 -std=gnu11 -D__weak=__attribute__((weak)) -D__packed=__attribute__((__packed__)) -DUSE_HAL_DRIVER -DSTM32H743xx -I../../../Inc -I../../../Drivers/STM32H7xx_HAL_Driver/Inc -I../../../Drivers/STM32H7xx_HAL_Driver/Inc/Legacy -I../../../Drivers/CMSIS/Device/ST/STM32H7xx/Include -I../../../Drivers/CMSIS/Include -Os -ffunction-sections -fdata-sections -g -fstack-usage -Wall -specs=nano.specs -o Application\User\main.o ..\..\..\Src\main.c 
..\..\..\Src\main.c: In function 'main':
..\..\..\Src\main.c:148:7: warning: unused variable 'flag' [-Wunused-variable]
   int flag = 0;
       ^~~~
arm-atollic-eabi-gcc -o LED On.elf Application\TrueSTUDIO\startup_stm32h743xx.o Application\TrueSTUDIO\syscalls.o Application\User\main.o Application\User\stm32h7xx_hal_msp.o Application\User\stm32h7xx_it.o Drivers\CMSIS\system_stm32h7xx.o Drivers\STM32H7xx_HAL_Driver\stm32h7xx_hal.o Drivers\STM32H7xx_HAL_Driver\stm32h7xx_hal_cortex.o Drivers\STM32H7xx_HAL_Driver\stm32h7xx_hal_dma.o Drivers\STM32H7xx_HAL_Driver\stm32h7xx_hal_dma_ex.o Drivers\STM32H7xx_HAL_Driver\stm32h7xx_hal_eth.o Drivers\STM32H7xx_HAL_Driver\stm32h7xx_hal_eth_ex.o Drivers\STM32H7xx_HAL_Driver\stm32h7xx_hal_flash.o Drivers\STM32H7xx_HAL_Driver\stm32h7xx_hal_flash_ex.o Drivers\STM32H7xx_HAL_Driver\stm32h7xx_hal_gpio.o Drivers\STM32H7xx_HAL_Driver\stm32h7xx_hal_hsem.o Drivers\STM32H7xx_HAL_Driver\stm32h7xx_hal_i2c.o Drivers\STM32H7xx_HAL_Driver\stm32h7xx_hal_i2c_ex.o Drivers\STM32H7xx_HAL_Driver\stm32h7xx_hal_mdma.o Drivers\STM32H7xx_HAL_Driver\stm32h7xx_hal_pcd.o Drivers\STM32H7xx_HAL_Driver\stm32h7xx_hal_pcd_ex.o Drivers\STM32H7xx_HAL_Driver\stm32h7xx_hal_pwr.o Drivers\STM32H7xx_HAL_Driver\stm32h7xx_hal_pwr_ex.o Drivers\STM32H7xx_HAL_Driver\stm32h7xx_hal_rcc.o Drivers\STM32H7xx_HAL_Driver\stm32h7xx_hal_rcc_ex.o Drivers\STM32H7xx_HAL_Driver\stm32h7xx_hal_tim.o Drivers\STM32H7xx_HAL_Driver\stm32h7xx_hal_tim_ex.o Drivers\STM32H7xx_HAL_Driver\stm32h7xx_hal_uart.o Drivers\STM32H7xx_HAL_Driver\stm32h7xx_hal_uart_ex.o Drivers\STM32H7xx_HAL_Driver\stm32h7xx_ll_usb.o -mthumb -mcpu=cortex-m7 -mfloat-abi=hard -mfpu=fpv5-d16 -T../STM32H743ZI_FLASH.ld -specs=nosys.specs -static -Wl,-Map=LED On.map -Wl,--gc-sections -Wl,--defsym=malloc_getpagesize_P=0x80 -Wl,--start-group -lc -lm -Wl,--end-group -specs=nano.specs 
D:\Program Files (x86)\Atollic\TrueSTUDIO for STM32 9.1.0\ide\jre\bin\java -jar D:\Program Files (x86)\Atollic\TrueSTUDIO for STM32 9.1.0\Tools\arm-atollic-reports.jar sizeinfo list LED On.elf 
Generate build reports...
Print size information
   text	   data	    bss	    dec	    hex	filename
  13752	    216	   2876	  16844	   41cc	LED On.elf
Print size information done
Generate listing file
Output sent to: LED On.list
Generate listing file done
Generate build reports done
arm-atollic-eabi-objcopy.exe -O ihex LED On.elf LED On.hex 
07:50:39 **** Incremental Build of configuration Debug for project LED On ****
Info: Internal Builder is used for build
arm-atollic-eabi-gcc -c -mthumb -mcpu=cortex-m7 -mfloat-abi=hard -mfpu=fpv5-d16 -std=gnu11 -D__weak=__attribute__((weak)) -D__packed=__attribute__((__packed__)) -DUSE_HAL_DRIVER -DSTM32H743xx -I../../../Inc -I../../../Drivers/STM32H7xx_HAL_Driver/Inc -I../../../Drivers/STM32H7xx_HAL_Driver/Inc/Legacy -I../../../Drivers/CMSIS/Device/ST/STM32H7xx/Include -I../../../Drivers/CMSIS/Include -Os -ffunction-sections -fdata-sections -g -fstack-usage -Wall -specs=nano.specs -o Application\User\main.o ..\..\..\Src\main.c 
..\..\..\Src\main.c: In function 'main':
..\..\..\Src\main.c:148:3: error: unknown type name 'boolean'
   boolean flag = 0;
   ^~~~~~~
07:54:53 **** Incremental Build of configuration Debug for project LED On ****
Info: Internal Builder is used for build
arm-atollic-eabi-gcc -c -mthumb -mcpu=cortex-m7 -mfloat-abi=hard -mfpu=fpv5-d16 -std=gnu11 -D__weak=__attribute__((weak)) -D__packed=__attribute__((__packed__)) -DUSE_HAL_DRIVER -DSTM32H743xx -I../../../Inc -I../../../Drivers/STM32H7xx_HAL_Driver/Inc -I../../../Drivers/STM32H7xx_HAL_Driver/Inc/Legacy -I../../../Drivers/CMSIS/Device/ST/STM32H7xx/Include -I../../../Drivers/CMSIS/Include -Os -ffunction-sections -fdata-sections -g -fstack-usage -Wall -specs=nano.specs -o Application\User\main.o ..\..\..\Src\main.c 
arm-atollic-eabi-gcc -o LED On.elf Application\TrueSTUDIO\startup_stm32h743xx.o Application\TrueSTUDIO\syscalls.o Application\User\main.o Application\User\stm32h7xx_hal_msp.o Application\User\stm32h7xx_it.o Drivers\CMSIS\system_stm32h7xx.o Drivers\STM32H7xx_HAL_Driver\stm32h7xx_hal.o Drivers\STM32H7xx_HAL_Driver\stm32h7xx_hal_cortex.o Drivers\STM32H7xx_HAL_Driver\stm32h7xx_hal_dma.o Drivers\STM32H7xx_HAL_Driver\stm32h7xx_hal_dma_ex.o Drivers\STM32H7xx_HAL_Driver\stm32h7xx_hal_eth.o Drivers\STM32H7xx_HAL_Driver\stm32h7xx_hal_eth_ex.o Drivers\STM32H7xx_HAL_Driver\stm32h7xx_hal_flash.o Drivers\STM32H7xx_HAL_Driver\stm32h7xx_hal_flash_ex.o Drivers\STM32H7xx_HAL_Driver\stm32h7xx_hal_gpio.o Drivers\STM32H7xx_HAL_Driver\stm32h7xx_hal_hsem.o Drivers\STM32H7xx_HAL_Driver\stm32h7xx_hal_i2c.o Drivers\STM32H7xx_HAL_Driver\stm32h7xx_hal_i2c_ex.o Drivers\STM32H7xx_HAL_Driver\stm32h7xx_hal_mdma.o Drivers\STM32H7xx_HAL_Driver\stm32h7xx_hal_pcd.o Drivers\STM32H7xx_HAL_Driver\stm32h7xx_hal_pcd_ex.o Drivers\STM32H7xx_HAL_Driver\stm32h7xx_hal_pwr.o Drivers\STM32H7xx_HAL_Driver\stm32h7xx_hal_pwr_ex.o Drivers\STM32H7xx_HAL_Driver\stm32h7xx_hal_rcc.o Drivers\STM32H7xx_HAL_Driver\stm32h7xx_hal_rcc_ex.o Drivers\STM32H7xx_HAL_Driver\stm32h7xx_hal_tim.o Drivers\STM32H7xx_HAL_Driver\stm32h7xx_hal_tim_ex.o Drivers\STM32H7xx_HAL_Driver\stm32h7xx_hal_uart.o Drivers\STM32H7xx_HAL_Driver\stm32h7xx_hal_uart_ex.o Drivers\STM32H7xx_HAL_Driver\stm32h7xx_ll_usb.o -mthumb -mcpu=cortex-m7 -mfloat-abi=hard -mfpu=fpv5-d16 -T../STM32H743ZI_FLASH.ld -specs=nosys.specs -static -Wl,-Map=LED On.map -Wl,--gc-sections -Wl,--defsym=malloc_getpagesize_P=0x80 -Wl,--start-group -lc -lm -Wl,--end-group -specs=nano.specs 
D:\Program Files (x86)\Atollic\TrueSTUDIO for STM32 9.1.0\ide\jre\bin\java -jar D:\Program Files (x86)\Atollic\TrueSTUDIO for STM32 9.1.0\Tools\arm-atollic-reports.jar sizeinfo list LED On.elf 
Generate build reports...
Print size information
   text	   data	    bss	    dec	    hex	filename
  13760	    216	   2876	  16852	   41d4	LED On.elf
Print size information done
Generate listing file
Output sent to: LED On.list
Generate listing file done
Generate build reports done
arm-atollic-eabi-objcopy.exe -O ihex LED On.elf LED On.hex 
08:00:43 **** Incremental Build of configuration Debug for project LED On ****
Info: Internal Builder is used for build
arm-atollic-eabi-gcc -c -mthumb -mcpu=cortex-m7 -mfloat-abi=hard -mfpu=fpv5-d16 -std=gnu11 -D__weak=__attribute__((weak)) -D__packed=__attribute__((__packed__)) -DUSE_HAL_DRIVER -DSTM32H743xx -I../../../Inc -I../../../Drivers/STM32H7xx_HAL_Driver/Inc -I../../../Drivers/STM32H7xx_HAL_Driver/Inc/Legacy -I../../../Drivers/CMSIS/Device/ST/STM32H7xx/Include -I../../../Drivers/CMSIS/Include -Os -ffunction-sections -fdata-sections -g -fstack-usage -Wall -specs=nano.specs -o Application\User\main.o ..\..\..\Src\main.c 
arm-atollic-eabi-gcc -o LED On.elf Application\TrueSTUDIO\startup_stm32h743xx.o Application\TrueSTUDIO\syscalls.o Application\User\main.o Application\User\stm32h7xx_hal_msp.o Application\User\stm32h7xx_it.o Drivers\CMSIS\system_stm32h7xx.o Drivers\STM32H7xx_HAL_Driver\stm32h7xx_hal.o Drivers\STM32H7xx_HAL_Driver\stm32h7xx_hal_cortex.o Drivers\STM32H7xx_HAL_Driver\stm32h7xx_hal_dma.o Drivers\STM32H7xx_HAL_Driver\stm32h7xx_hal_dma_ex.o Drivers\STM32H7xx_HAL_Driver\stm32h7xx_hal_eth.o Drivers\STM32H7xx_HAL_Driver\stm32h7xx_hal_eth_ex.o Drivers\STM32H7xx_HAL_Driver\stm32h7xx_hal_flash.o Drivers\STM32H7xx_HAL_Driver\stm32h7xx_hal_flash_ex.o Drivers\STM32H7xx_HAL_Driver\stm32h7xx_hal_gpio.o Drivers\STM32H7xx_HAL_Driver\stm32h7xx_hal_hsem.o Drivers\STM32H7xx_HAL_Driver\stm32h7xx_hal_i2c.o Drivers\STM32H7xx_HAL_Driver\stm32h7xx_hal_i2c_ex.o Drivers\STM32H7xx_HAL_Driver\stm32h7xx_hal_mdma.o Drivers\STM32H7xx_HAL_Driver\stm32h7xx_hal_pcd.o Drivers\STM32H7xx_HAL_Driver\stm32h7xx_hal_pcd_ex.o Drivers\STM32H7xx_HAL_Driver\stm32h7xx_hal_pwr.o Drivers\STM32H7xx_HAL_Driver\stm32h7xx_hal_pwr_ex.o Drivers\STM32H7xx_HAL_Driver\stm32h7xx_hal_rcc.o Drivers\STM32H7xx_HAL_Driver\stm32h7xx_hal_rcc_ex.o Drivers\STM32H7xx_HAL_Driver\stm32h7xx_hal_tim.o Drivers\STM32H7xx_HAL_Driver\stm32h7xx_hal_tim_ex.o Drivers\STM32H7xx_HAL_Driver\stm32h7xx_hal_uart.o Drivers\STM32H7xx_HAL_Driver\stm32h7xx_hal_uart_ex.o Drivers\STM32H7xx_HAL_Driver\stm32h7xx_ll_usb.o -mthumb -mcpu=cortex-m7 -mfloat-abi=hard -mfpu=fpv5-d16 -T../STM32H743ZI_FLASH.ld -specs=nosys.specs -static -Wl,-Map=LED On.map -Wl,--gc-sections -Wl,--defsym=malloc_getpagesize_P=0x80 -Wl,--start-group -lc -lm -Wl,--end-group -specs=nano.specs 
D:\Program Files (x86)\Atollic\TrueSTUDIO for STM32 9.1.0\ide\jre\bin\java -jar D:\Program Files (x86)\Atollic\TrueSTUDIO for STM32 9.1.0\Tools\arm-atollic-reports.jar sizeinfo list LED On.elf 
Generate build reports...
Print size information
   text	   data	    bss	    dec	    hex	filename
  13768	    216	   2876	  16860	   41dc	LED On.elf
Print size information done
Generate listing file
Output sent to: LED On.list
Generate listing file done
Generate build reports done
arm-atollic-eabi-objcopy.exe -O ihex LED On.elf LED On.hex 
08:01:27 **** Incremental Build of configuration Debug for project LED On ****
Info: Internal Builder is used for build
arm-atollic-eabi-gcc -c -mthumb -mcpu=cortex-m7 -mfloat-abi=hard -mfpu=fpv5-d16 -std=gnu11 -D__weak=__attribute__((weak)) -D__packed=__attribute__((__packed__)) -DUSE_HAL_DRIVER -DSTM32H743xx -I../../../Inc -I../../../Drivers/STM32H7xx_HAL_Driver/Inc -I../../../Drivers/STM32H7xx_HAL_Driver/Inc/Legacy -I../../../Drivers/CMSIS/Device/ST/STM32H7xx/Include -I../../../Drivers/CMSIS/Include -Os -ffunction-sections -fdata-sections -g -fstack-usage -Wall -specs=nano.specs -o Application\User\main.o ..\..\..\Src\main.c 
arm-atollic-eabi-gcc -o LED On.elf Application\TrueSTUDIO\startup_stm32h743xx.o Application\TrueSTUDIO\syscalls.o Application\User\main.o Application\User\stm32h7xx_hal_msp.o Application\User\stm32h7xx_it.o Drivers\CMSIS\system_stm32h7xx.o Drivers\STM32H7xx_HAL_Driver\stm32h7xx_hal.o Drivers\STM32H7xx_HAL_Driver\stm32h7xx_hal_cortex.o Drivers\STM32H7xx_HAL_Driver\stm32h7xx_hal_dma.o Drivers\STM32H7xx_HAL_Driver\stm32h7xx_hal_dma_ex.o Drivers\STM32H7xx_HAL_Driver\stm32h7xx_hal_eth.o Drivers\STM32H7xx_HAL_Driver\stm32h7xx_hal_eth_ex.o Drivers\STM32H7xx_HAL_Driver\stm32h7xx_hal_flash.o Drivers\STM32H7xx_HAL_Driver\stm32h7xx_hal_flash_ex.o Drivers\STM32H7xx_HAL_Driver\stm32h7xx_hal_gpio.o Drivers\STM32H7xx_HAL_Driver\stm32h7xx_hal_hsem.o Drivers\STM32H7xx_HAL_Driver\stm32h7xx_hal_i2c.o Drivers\STM32H7xx_HAL_Driver\stm32h7xx_hal_i2c_ex.o Drivers\STM32H7xx_HAL_Driver\stm32h7xx_hal_mdma.o Drivers\STM32H7xx_HAL_Driver\stm32h7xx_hal_pcd.o Drivers\STM32H7xx_HAL_Driver\stm32h7xx_hal_pcd_ex.o Drivers\STM32H7xx_HAL_Driver\stm32h7xx_hal_pwr.o Drivers\STM32H7xx_HAL_Driver\stm32h7xx_hal_pwr_ex.o Drivers\STM32H7xx_HAL_Driver\stm32h7xx_hal_rcc.o Drivers\STM32H7xx_HAL_Driver\stm32h7xx_hal_rcc_ex.o Drivers\STM32H7xx_HAL_Driver\stm32h7xx_hal_tim.o Drivers\STM32H7xx_HAL_Driver\stm32h7xx_hal_tim_ex.o Drivers\STM32H7xx_HAL_Driver\stm32h7xx_hal_uart.o Drivers\STM32H7xx_HAL_Driver\stm32h7xx_hal_uart_ex.o Drivers\STM32H7xx_HAL_Driver\stm32h7xx_ll_usb.o -mthumb -mcpu=cortex-m7 -mfloat-abi=hard -mfpu=fpv5-d16 -T../STM32H743ZI_FLASH.ld -specs=nosys.specs -static -Wl,-Map=LED On.map -Wl,--gc-sections -Wl,--defsym=malloc_getpagesize_P=0x80 -Wl,--start-group -lc -lm -Wl,--end-group -specs=nano.specs 
D:\Program Files (x86)\Atollic\TrueSTUDIO for STM32 9.1.0\ide\jre\bin\java -jar D:\Program Files (x86)\Atollic\TrueSTUDIO for STM32 9.1.0\Tools\arm-atollic-reports.jar sizeinfo list LED On.elf 
Generate build reports...
Print size information
   text	   data	    bss	    dec	    hex	filename
  13768	    216	   2876	  16860	   41dc	LED On.elf
Print size information done
Generate listing file
Output sent to: LED On.list
Generate listing file done
Generate build reports done
arm-atollic-eabi-objcopy.exe -O ihex LED On.elf LED On.hex 
