08:01:27 **** Incremental Build of configuration Debug for project LED On ****
Info: Internal Builder is used for build
arm-atollic-eabi-gcc -c -mthumb -mcpu=cortex-m7 -mfloat-abi=hard -mfpu=fpv5-d16 -std=gnu11 -D__weak=__attribute__((weak)) -D__packed=__attribute__((__packed__)) -DUSE_HAL_DRIVER -DSTM32H743xx -I../../../Inc -I../../../Drivers/STM32H7xx_HAL_Driver/Inc -I../../../Drivers/STM32H7xx_HAL_Driver/Inc/Legacy -I../../../Drivers/CMSIS/Device/ST/STM32H7xx/Include -I../../../Drivers/CMSIS/Include -Os -ffunction-sections -fdata-sections -g -fstack-usage -Wall -specs=nano.specs -o Application\User\main.o ..\..\..\Src\main.c 
arm-atollic-eabi-gcc -o LED On.elf Application\TrueSTUDIO\startup_stm32h743xx.o Application\TrueSTUDIO\syscalls.o Application\User\main.o Application\User\stm32h7xx_hal_msp.o Application\User\stm32h7xx_it.o Drivers\CMSIS\system_stm32h7xx.o Drivers\STM32H7xx_HAL_Driver\stm32h7xx_hal.o Drivers\STM32H7xx_HAL_Driver\stm32h7xx_hal_cortex.o Drivers\STM32H7xx_HAL_Driver\stm32h7xx_hal_dma.o Drivers\STM32H7xx_HAL_Driver\stm32h7xx_hal_dma_ex.o Drivers\STM32H7xx_HAL_Driver\stm32h7xx_hal_eth.o Drivers\STM32H7xx_HAL_Driver\stm32h7xx_hal_eth_ex.o Drivers\STM32H7xx_HAL_Driver\stm32h7xx_hal_flash.o Drivers\STM32H7xx_HAL_Driver\stm32h7xx_hal_flash_ex.o Drivers\STM32H7xx_HAL_Driver\stm32h7xx_hal_gpio.o Drivers\STM32H7xx_HAL_Driver\stm32h7xx_hal_hsem.o Drivers\STM32H7xx_HAL_Driver\stm32h7xx_hal_i2c.o Drivers\STM32H7xx_HAL_Driver\stm32h7xx_hal_i2c_ex.o Drivers\STM32H7xx_HAL_Driver\stm32h7xx_hal_mdma.o Drivers\STM32H7xx_HAL_Driver\stm32h7xx_hal_pcd.o Drivers\STM32H7xx_HAL_Driver\stm32h7xx_hal_pcd_ex.o Drivers\STM32H7xx_HAL_Driver\stm32h7xx_hal_pwr.o Drivers\STM32H7xx_HAL_Driver\stm32h7xx_hal_pwr_ex.o Drivers\STM32H7xx_HAL_Driver\stm32h7xx_hal_rcc.o Drivers\STM32H7xx_HAL_Driver\stm32h7xx_hal_rcc_ex.o Drivers\STM32H7xx_HAL_Driver\stm32h7xx_hal_tim.o Drivers\STM32H7xx_HAL_Driver\stm32h7xx_hal_tim_ex.o Drivers\STM32H7xx_HAL_Driver\stm32h7xx_hal_uart.o Drivers\STM32H7xx_HAL_Driver\stm32h7xx_hal_uart_ex.o Drivers\STM32H7xx_HAL_Driver\stm32h7xx_ll_usb.o -mthumb -mcpu=cortex-m7 -mfloat-abi=hard -mfpu=fpv5-d16 -T../STM32H743ZI_FLASH.ld -specs=nosys.specs -static -Wl,-Map=LED On.map -Wl,--gc-sections -Wl,--defsym=malloc_getpagesize_P=0x80 -Wl,--start-group -lc -lm -Wl,--end-group -specs=nano.specs 
D:\Program Files (x86)\Atollic\TrueSTUDIO for STM32 9.1.0\ide\jre\bin\java -jar D:\Program Files (x86)\Atollic\TrueSTUDIO for STM32 9.1.0\Tools\arm-atollic-reports.jar sizeinfo list LED On.elf 
Generate build reports...
Print size information
   text	   data	    bss	    dec	    hex	filename
  13768	    216	   2876	  16860	   41dc	LED On.elf
Print size information done
Generate listing file
Output sent to: LED On.list
Generate listing file done
Generate build reports done
arm-atollic-eabi-objcopy.exe -O ihex LED On.elf LED On.hex 

08:01:28 Build Finished (took 1s.319ms)

